18:08:51 **** Incremental Build of configuration GEELY_FC4150F1M_BLDC for project BLDC_Project ****
"D:\\Project\\all_IDE\\Flagchip_FC_IDE_4.2.1\\Flagchip_FC_IDE_4.2.1\\cmd\\make" -j16 all 
Building file: ../BSW/CDD/MotorDriver/motor_lib/motor_foc.c
Invoking: GNU Arm Cross C Compiler
arm-none-eabi-gcc -mcpu=cortex-m4 -mthumb -mfloat-abi=hard -mfpu=fpv4-sp-d16 -O1 -fmessage-length=0 -fsigned-char -ffunction-sections -fdata-sections -ffreestanding -fno-move-loop-invariants -Wunused -Wuninitialized -Wall -Wextra -Wmissing-declarations -Wconversion -Wpointer-arith -Wshadow -Wlogical-op -Wfloat-equal  -g3 -DDEBUG -DECU_ADDRESS_PDM_FL -DTRACE -DSTART_FROM_FLASH -DMCU_FC4150_512K=1 -DMCU_FC4150_2M=2 -DMCU_FC4150_1M_A=3 -DMCU_FC4150_1M_B=4 -DMCU_FC4150_1M_S=5 -DDEVICE_TYPE=MCU_FC4150_1M_B -DECU_ADDRESS_BLDC -DIMU_SPI_COMM -I"D:\Project\all_Project\BLDC\SVN\trunk\BLDC_Project\BSW\CDD\MEMS\Inc" -I"D:\Project\all_Project\BLDC\SVN\trunk\BLDC_Project\ASW" -I"D:\Project\all_Project\BLDC\SVN\trunk\BLDC_Project\BSW\NvM\Include" -I"D:\Project\all_Project\BLDC\SVN\trunk\BLDC_Project\BSW\CompatibleInfo" -I"D:\Project\all_Project\BLDC\SVN\trunk\BLDC_Project\BSW\MCAL\Device" -I"D:\Project\all_Project\BLDC\SVN\trunk\BLDC_Project\BSW\MCAL\Device\Arm\CMSIS5_590\Core\Include" -I"D:\Project\all_Project\BLDC\SVN\trunk\BLDC_Project\BSW\MCAL\Device\Arm\CMSIS5_590\DSP\Include" -I"D:\Project\all_Project\BLDC\SVN\trunk\BLDC_Project\BSW\MCAL\Device\Arm\CMSIS5_590\DSP\PrivateInclude" -I"D:\Project\all_Project\BLDC\SVN\trunk\BLDC_Project\BSW\MCAL\Driver\Include" -I"D:\Project\all_Project\BLDC\SVN\trunk\BLDC_Project\BSW\MCAL\HwA\Include" -I"D:\Project\all_Project\BLDC\SVN\trunk\BLDC_Project\BSW\MCAL\Startup" -I"D:\Project\all_Project\BLDC\SVN\trunk\BLDC_Project\BSW\MCAL\BSP\Inc" -I"D:\Project\all_Project\BLDC\SVN\trunk\BLDC_Project\BSW\CDD\SBC\Inc" -I"D:\Project\all_Project\BLDC\SVN\trunk\BLDC_Project\BSW\ECAL\IoHwAb\Inc" -I"D:\Project\all_Project\BLDC\SVN\trunk\BLDC_Project\BSW\OS\FreeRTOS\Include" -I"D:\Project\all_Project\BLDC\SVN\trunk\BLDC_Project\BSW\OS\FreeRTOS\Sources\portable\GCC\ARM_CM4F" -I"D:\Project\all_Project\BLDC\SVN\trunk\BLDC_Project\BSW\AlgorithmLib" -I"D:\Project\all_Project\BLDC\SVN\trunk\BLDC_Project\BSW\Com\Include" -I"D:\Project\all_Project\BLDC\SVN\trunk\BLDC_Project\RTE" -I"D:\Project\all_Project\BLDC\SVN\trunk\BLDC_Project\BSW\Pdu\Include" -I"D:\Project\all_Project\BLDC\SVN\trunk\BLDC_Project\BSW\XCP" -I"D:\Project\all_Project\BLDC\SVN\trunk\BLDC_Project\BSW\Can_Hw\Inc" -I"D:\Project\all_Project\BLDC\SVN\trunk\BLDC_Project\BSW\MCAL\Device\Arm\cm4" -I"D:\Project\all_Project\BLDC\SVN\trunk\BLDC_Project\BSW\OS\SysView\Config" -I"D:\Project\all_Project\BLDC\SVN\trunk\BLDC_Project\BSW\OS\SysView\Sample\FreeRTOSV10.4" -I"D:\Project\all_Project\BLDC\SVN\trunk\BLDC_Project\BSW\OS\SysView\SEGGER" -I"D:\Project\all_Project\BLDC\SVN\trunk\BLDC_Project\BSW\CDD\MotorDriver\MPQ6533\Inc" -I"D:\Project\all_Project\BLDC\SVN\trunk\BLDC_Project\BSW\CDD\MotorDriver\motor_lib" -std=gnu11 -MMD -MP -MF"BSW/CDD/MotorDriver/motor_lib/motor_foc.d" -MT"BSW/CDD/MotorDriver/motor_lib/motor_foc.o" -c -o "BSW/CDD/MotorDriver/motor_lib/motor_foc.o" "../BSW/CDD/MotorDriver/motor_lib/motor_foc.c"
Finished building: ../BSW/CDD/MotorDriver/motor_lib/motor_foc.c
 
Building target: BLDC_Project_PDM_BLDC.elf
Invoking: GNU Arm Cross C++ Linker
arm-none-eabi-g++ -mcpu=cortex-m4 -mthumb -mfloat-abi=hard -mfpu=fpv4-sp-d16 -O1 -fmessage-length=0 -fsigned-char -ffunction-sections -fdata-sections -ffreestanding -fno-move-loop-invariants -Wunused -Wuninitialized -Wall -Wextra -Wmissing-declarations -Wconversion -Wpointer-arith -Wshadow -Wlogical-op -Wfloat-equal  -g3 -T "D:\Project\all_Project\BLDC\SVN\trunk\BLDC_Project\BSW\MCAL\Startup\FC4150_1M_B_flash.ld" -nostartfiles -Xlinker --gc-sections -L"D:\Project\all_Project\BLDC\SVN\trunk\BLDC_Project\BSW\MCAL\Startup" -L"D:\Project\all_Project\BLDC\SVN\trunk\BLDC_Project\BSW\MCAL\_gcc_lib" -Xlinker --print-memory-usage -Wl,-Map,"BLDC_Project_PDM_BLDC.map" --specs=nosys.specs -Xlinker --print-memory-usage -o "BLDC_Project_PDM_BLDC.elf"  ./RTE/AllTask.o ./RTE/rte.o  ./BSW/XCP/XcpBasic.o ./BSW/XCP/_xcp_appl.o ./BSW/XCP/xcp_par.o  ./BSW/Pdu/Source/Pdu.o ./BSW/Pdu/Source/Pdu_cfg.o  ./BSW/OS/SysView/Sample/FreeRTOSV10.4/Config/Cortex-M/SEGGER_SYSVIEW_Config_FreeRTOS.o  ./BSW/OS/SysView/Sample/FreeRTOSV10.4/SEGGER_SYSVIEW_FreeRTOS.o  ./BSW/OS/SysView/SEGGER/Syscalls/SEGGER_RTT_Syscalls_GCC.o ./BSW/OS/SysView/SEGGER/Syscalls/SEGGER_RTT_Syscalls_IAR.o ./BSW/OS/SysView/SEGGER/Syscalls/SEGGER_RTT_Syscalls_KEIL.o ./BSW/OS/SysView/SEGGER/Syscalls/SEGGER_RTT_Syscalls_SES.o  ./BSW/OS/SysView/SEGGER/SEGGER_RTT.o ./BSW/OS/SysView/SEGGER/SEGGER_RTT_ASM_ARMv7M.o ./BSW/OS/SysView/SEGGER/SEGGER_RTT_printf.o ./BSW/OS/SysView/SEGGER/SEGGER_SYSVIEW.o  ./BSW/OS/FreeRTOS/Sources/portable/MemMang/heap_4.o  ./BSW/OS/FreeRTOS/Sources/portable/GCC/ARM_CM4F/port.o  ./BSW/OS/FreeRTOS/Sources/croutine.o ./BSW/OS/FreeRTOS/Sources/event_groups.o ./BSW/OS/FreeRTOS/Sources/list.o ./BSW/OS/FreeRTOS/Sources/queue.o ./BSW/OS/FreeRTOS/Sources/stream_buffer.o ./BSW/OS/FreeRTOS/Sources/tasks.o ./BSW/OS/FreeRTOS/Sources/timers.o  ./BSW/NvM/Source/NvM.o ./BSW/NvM/Source/NvM_Cfg.o  ./BSW/MCAL/Startup/startup_FC4150.o ./BSW/MCAL/Startup/system_init.o  ./BSW/MCAL/Driver/Source/module_driver_adc.o ./BSW/MCAL/Driver/Source/module_driver_afcb.o ./BSW/MCAL/Driver/Source/module_driver_aontimer.o ./BSW/MCAL/Driver/Source/module_driver_cache.o ./BSW/MCAL/Driver/Source/module_driver_cmp.o ./BSW/MCAL/Driver/Source/module_driver_cmu.o ./BSW/MCAL/Driver/Source/module_driver_cordic.o ./BSW/MCAL/Driver/Source/module_driver_crc.o ./BSW/MCAL/Driver/Source/module_driver_dma.o ./BSW/MCAL/Driver/Source/module_driver_eim.o ./BSW/MCAL/Driver/Source/module_driver_enet.o ./BSW/MCAL/Driver/Source/module_driver_erm.o ./BSW/MCAL/Driver/Source/module_driver_farc.o ./BSW/MCAL/Driver/Source/module_driver_fciic.o ./BSW/MCAL/Driver/Source/module_driver_fcpit.o ./BSW/MCAL/Driver/Source/module_driver_fcspi.o ./BSW/MCAL/Driver/Source/module_driver_fcuart.o ./BSW/MCAL/Driver/Source/module_driver_flash.o ./BSW/MCAL/Driver/Source/module_driver_flexcan.o ./BSW/MCAL/Driver/Source/module_driver_freqm.o ./BSW/MCAL/Driver/Source/module_driver_ftu.o ./BSW/MCAL/Driver/Source/module_driver_fwm.o ./BSW/MCAL/Driver/Source/module_driver_gpio.o ./BSW/MCAL/Driver/Source/module_driver_i2s.o ./BSW/MCAL/Driver/Source/module_driver_intm.o ./BSW/MCAL/Driver/Source/module_driver_ism.o ./BSW/MCAL/Driver/Source/module_driver_lin.o ./BSW/MCAL/Driver/Source/module_driver_lu.o ./BSW/MCAL/Driver/Source/module_driver_map.o ./BSW/MCAL/Driver/Source/module_driver_mcm.o ./BSW/MCAL/Driver/Source/module_driver_mpu.o ./BSW/MCAL/Driver/Source/module_driver_ospi.o ./BSW/MCAL/Driver/Source/module_driver_pcc.o ./BSW/MCAL/Driver/Source/module_driver_pmc.o ./BSW/MCAL/Driver/Source/module_driver_port.o ./BSW/MCAL/Driver/Source/module_driver_ptimer.o ./BSW/MCAL/Driver/Source/module_driver_rcm.o ./BSW/MCAL/Driver/Source/module_driver_rtc.o ./BSW/MCAL/Driver/Source/module_driver_scg.o ./BSW/MCAL/Driver/Source/module_driver_scst.o ./BSW/MCAL/Driver/Source/module_driver_sec.o ./BSW/MCAL/Driver/Source/module_driver_smc.o ./BSW/MCAL/Driver/Source/module_driver_smisc.o ./BSW/MCAL/Driver/Source/module_driver_systick.o ./BSW/MCAL/Driver/Source/module_driver_trgsel.o ./BSW/MCAL/Driver/Source/module_driver_tstmp.o ./BSW/MCAL/Driver/Source/module_driver_wdog.o ./BSW/MCAL/Driver/Source/module_driver_wku.o  ./BSW/MCAL/Device/FC/fclib/fcfunc.o ./BSW/MCAL/Device/FC/fclib/fcmath.o  ./BSW/MCAL/Device/Arm/CMSIS5_590/DSP/cmsis_dsp.o  ./BSW/MCAL/BSP/Src/BspAdc.o ./BSW/MCAL/BSP/Src/BspAontimer.o ./BSW/MCAL/BSP/Src/BspCan.o ./BSW/MCAL/BSP/Src/BspClock.o ./BSW/MCAL/BSP/Src/BspDma.o ./BSW/MCAL/BSP/Src/BspFlash.o ./BSW/MCAL/BSP/Src/BspFtuCounter.o ./BSW/MCAL/BSP/Src/BspFtuHallCounter.o ./BSW/MCAL/BSP/Src/BspFtuIcu.o ./BSW/MCAL/BSP/Src/BspFtuPwm.o ./BSW/MCAL/BSP/Src/BspGpio.o ./BSW/MCAL/BSP/Src/BspIic.o ./BSW/MCAL/BSP/Src/BspInterrupt.o ./BSW/MCAL/BSP/Src/BspPtimer.o ./BSW/MCAL/BSP/Src/BspRtc.o ./BSW/MCAL/BSP/Src/BspSmc.o ./BSW/MCAL/BSP/Src/BspSpi.o ./BSW/MCAL/BSP/Src/BspWdg.o  ./BSW/ECAL/IoHwAb/Src/IoHwAb_Adc.o ./BSW/ECAL/IoHwAb/Src/IoHwAb_Counter.o ./BSW/ECAL/IoHwAb/Src/IoHwAb_Dio.o ./BSW/ECAL/IoHwAb/Src/IoHwAb_HallCounter.o ./BSW/ECAL/IoHwAb/Src/IoHwAb_Pwm.o  ./BSW/CompatibleInfo/CompatibleInfo.o  ./BSW/Com/Source/Com.o ./BSW/Com/Source/Com_cfg.o ./BSW/Com/Source/E2E.o  ./BSW/Can_Hw/Src/Can_Hw.o  ./BSW/CDD/SBC/Src/SBC.o ./BSW/CDD/SBC/Src/SBC_Cfg.o ./BSW/CDD/SBC/Src/SBC_Diag.o ./BSW/CDD/SBC/Src/SBC_Driver.o  ./BSW/CDD/MotorDriver/motor_lib/motor_adc.o ./BSW/CDD/MotorDriver/motor_lib/motor_api.o ./BSW/CDD/MotorDriver/motor_lib/motor_app.o ./BSW/CDD/MotorDriver/motor_lib/motor_arm_math.o ./BSW/CDD/MotorDriver/motor_lib/motor_current.o ./BSW/CDD/MotorDriver/motor_lib/motor_encoder.o ./BSW/CDD/MotorDriver/motor_lib/motor_estimator.o ./BSW/CDD/MotorDriver/motor_lib/motor_foc.o ./BSW/CDD/MotorDriver/motor_lib/motor_hall.o ./BSW/CDD/MotorDriver/motor_lib/motor_misc.o ./BSW/CDD/MotorDriver/motor_lib/motor_pid.o ./BSW/CDD/MotorDriver/motor_lib/motor_protect.o ./BSW/CDD/MotorDriver/motor_lib/motor_svpwm.o  ./BSW/CDD/MotorDriver/MPQ6533/Src/MotorControl.o ./BSW/CDD/MotorDriver/MPQ6533/Src/MotorDriver_Cfg.o ./BSW/CDD/MotorDriver/MPQ6533/Src/MotorDriver_Driver.o  ./BSW/CDD/MEMS/Src/IMU.o ./BSW/CDD/MEMS/Src/IMU_Cfg.o ./BSW/CDD/MEMS/Src/IMU_Diag.o ./BSW/CDD/MEMS/Src/IMU_Driver.o  ./BSW/AlgorithmLib/Math_Control_Lib.o  ./ASW/APP.o ./ASW/Spindle_Control.o ./ASW/main.o   -lHsmApi_1MB_Soft_fpu_gcc
Memory region         Used Size  Region Size  %age Used
           FLASH:       65924 B       704 KB      9.14%
           RAM_L:          6 KB        32 KB     18.75%
           RAM_U:       67612 B        96 KB     68.78%
Finished building target: BLDC_Project_PDM_BLDC.elf
 
Invoking: GNU Arm Cross Create Flash Image
arm-none-eabi-objcopy -O ihex "BLDC_Project_PDM_BLDC.elf"  "BLDC_Project_PDM_BLDC.hex"
Invoking: GNU Arm Cross Print Size
arm-none-eabi-size --format=berkeley "BLDC_Project_PDM_BLDC.elf"
   text	   data	    bss	    dec	    hex	filename
  65924	   3264	  70492	 139680	  221a0	BLDC_Project_PDM_BLDC.elf
Finished building: BLDC_Project_PDM_BLDC.siz
Finished building: BLDC_Project_PDM_BLDC.hex
 
 

18:08:52 Build Finished. 0 errors, 0 warnings. (took 1s.837ms)

