14:19:25 **** Incremental Build of configuration GEELY_FC4150F1M_BLDC for project BLDC_Project ****
"D:\\Project\\all_IDE\\Flagchip_FC_IDE_4.2.1\\Flagchip_FC_IDE_4.2.1\\cmd\\make" -j16 all 
Invoking: GNU Arm Cross Print Size
arm-none-eabi-size --format=berkeley "BLDC_Project_PDM_BLDC.elf"
   text	   data	    bss	    dec	    hex	filename
  68188	   3320	  71160	 142668	  22d4c	BLDC_Project_PDM_BLDC.elf
Finished building: BLDC_Project_PDM_BLDC.siz
 

14:19:27 Build Finished. 0 errors, 0 warnings. (took 1s.232ms)

