15:48:39 **** Incremental Build of configuration GEELY_FC4150F1M_BLDC for project BLDC_Project ****
"D:\\Project\\all_IDE\\Flagchip_FC_IDE_4.2.1\\Flagchip_FC_IDE_4.2.1\\cmd\\make" -j16 all 
Building file: ../BSW/CDD/MotorDriver/motor_lib/motor_estimator.c
Building file: ../BSW/CDD/MEMS/Src/IMU_Driver.c
Building file: ../BSW/AlgorithmLib/Math_Control_Lib.c
Building file: ../ASW/APP.c
Invoking: GNU Arm Cross C Compiler
Building file: ../ASW/Spindle_Control.c
arm-none-eabi-gcc -mcpu=cortex-m4 -mthumb -mfloat-abi=hard -mfpu=fpv4-sp-d16 -O1 -fmessage-length=0 -fsigned-char -ffunction-sections -fdata-sections -ffreestanding -fno-move-loop-invariants -Wunused -Wuninitialized -Wall -Wextra -Wmissing-declarations -Wconversion -Wpointer-arith -Wshadow -Wlogical-op -Wfloat-equal  -g3 -DDEBUG -DECU_ADDRESS_PDM_FL -DTRACE -DSTART_FROM_FLASH -DMCU_FC4150_512K=1 -DMCU_FC4150_2M=2 -DMCU_FC4150_1M_A=3 -DMCU_FC4150_1M_B=4 -DMCU_FC4150_1M_S=5 -DDEVICE_TYPE=MCU_FC4150_1M_B -DECU_ADDRESS_BLDC -DIMU_SPI_COMM -I"D:\Project\all_Project\BLDC\SVN\trunk\BLDC_Project\BSW\CDD\MEMS\Inc" -I"D:\Project\all_Project\BLDC\SVN\trunk\BLDC_Project\ASW" -I"D:\Project\all_Project\BLDC\SVN\trunk\BLDC_Project\BSW\NvM\Include" -I"D:\Project\all_Project\BLDC\SVN\trunk\BLDC_Project\BSW\CompatibleInfo" -I"D:\Project\all_Project\BLDC\SVN\trunk\BLDC_Project\BSW\MCAL\Device" -I"D:\Project\all_Project\BLDC\SVN\trunk\BLDC_Project\BSW\MCAL\Device\Arm\CMSIS5_590\Core\Include" -I"D:\Project\all_Project\BLDC\SVN\trunk\BLDC_Project\BSW\MCAL\Device\Arm\CMSIS5_590\DSP\Include" -I"D:\Project\all_Project\BLDC\SVN\trunk\BLDC_Project\BSW\MCAL\Device\Arm\CMSIS5_590\DSP\PrivateInclude" -I"D:\Project\all_Project\BLDC\SVN\trunk\BLDC_Project\BSW\MCAL\Driver\Include" -I"D:\Project\all_Project\BLDC\SVN\trunk\BLDC_Project\BSW\MCAL\HwA\Include" -I"D:\Project\all_Project\BLDC\SVN\trunk\BLDC_Project\BSW\MCAL\Startup" -I"D:\Project\all_Project\BLDC\SVN\trunk\BLDC_Project\BSW\MCAL\BSP\Inc" -I"D:\Project\all_Project\BLDC\SVN\trunk\BLDC_Project\BSW\CDD\SBC\Inc" -I"D:\Project\all_Project\BLDC\SVN\trunk\BLDC_Project\BSW\ECAL\IoHwAb\Inc" -I"D:\Project\all_Project\BLDC\SVN\trunk\BLDC_Project\BSW\OS\FreeRTOS\Include" -I"D:\Project\all_Project\BLDC\SVN\trunk\BLDC_Project\BSW\OS\FreeRTOS\Sources\portable\GCC\ARM_CM4F" -I"D:\Project\all_Project\BLDC\SVN\trunk\BLDC_Project\BSW\AlgorithmLib" -I"D:\Project\all_Project\BLDC\SVN\trunk\BLDC_Project\BSW\Com\Include" -I"D:\Project\all_Project\BLDC\SVN\trunk\BLDC_Project\RTE" -I"D:\Project\all_Project\BLDC\SVN\trunk\BLDC_Project\BSW\Pdu\Include" -I"D:\Project\all_Project\BLDC\SVN\trunk\BLDC_Project\BSW\XCP" -I"D:\Project\all_Project\BLDC\SVN\trunk\BLDC_Project\BSW\Can_Hw\Inc" -I"D:\Project\all_Project\BLDC\SVN\trunk\BLDC_Project\BSW\MCAL\Device\Arm\cm4" -I"D:\Project\all_Project\BLDC\SVN\trunk\BLDC_Project\BSW\OS\SysView\Config" -I"D:\Project\all_Project\BLDC\SVN\trunk\BLDC_Project\BSW\OS\SysView\Sample\FreeRTOSV10.4" -I"D:\Project\all_Project\BLDC\SVN\trunk\BLDC_Project\BSW\OS\SysView\SEGGER" -I"D:\Project\all_Project\BLDC\SVN\trunk\BLDC_Project\BSW\CDD\MotorDriver\MPQ6533\Inc" -I"D:\Project\all_Project\BLDC\SVN\trunk\BLDC_Project\BSW\CDD\MotorDriver\motor_lib" -std=gnu11 -MMD -MP -MF"BSW/CDD/MotorDriver/motor_lib/motor_estimator.d" -MT"BSW/CDD/MotorDriver/motor_lib/motor_estimator.o" -c -o "BSW/CDD/MotorDriver/motor_lib/motor_estimator.o" "../BSW/CDD/MotorDriver/motor_lib/motor_estimator.c"
Invoking: GNU Arm Cross C Compiler
arm-none-eabi-gcc -mcpu=cortex-m4 -mthumb -mfloat-abi=hard -mfpu=fpv4-sp-d16 -O1 -fmessage-length=0 -fsigned-char -ffunction-sections -fdata-sections -ffreestanding -fno-move-loop-invariants -Wunused -Wuninitialized -Wall -Wextra -Wmissing-declarations -Wconversion -Wpointer-arith -Wshadow -Wlogical-op -Wfloat-equal  -g3 -DDEBUG -DECU_ADDRESS_PDM_FL -DTRACE -DSTART_FROM_FLASH -DMCU_FC4150_512K=1 -DMCU_FC4150_2M=2 -DMCU_FC4150_1M_A=3 -DMCU_FC4150_1M_B=4 -DMCU_FC4150_1M_S=5 -DDEVICE_TYPE=MCU_FC4150_1M_B -DECU_ADDRESS_BLDC -DIMU_SPI_COMM -I"D:\Project\all_Project\BLDC\SVN\trunk\BLDC_Project\BSW\CDD\MEMS\Inc" -I"D:\Project\all_Project\BLDC\SVN\trunk\BLDC_Project\ASW" -I"D:\Project\all_Project\BLDC\SVN\trunk\BLDC_Project\BSW\NvM\Include" -I"D:\Project\all_Project\BLDC\SVN\trunk\BLDC_Project\BSW\CompatibleInfo" -I"D:\Project\all_Project\BLDC\SVN\trunk\BLDC_Project\BSW\MCAL\Device" -I"D:\Project\all_Project\BLDC\SVN\trunk\BLDC_Project\BSW\MCAL\Device\Arm\CMSIS5_590\Core\Include" -I"D:\Project\all_Project\BLDC\SVN\trunk\BLDC_Project\BSW\MCAL\Device\Arm\CMSIS5_590\DSP\Include" -I"D:\Project\all_Project\BLDC\SVN\trunk\BLDC_Project\BSW\MCAL\Device\Arm\CMSIS5_590\DSP\PrivateInclude" -I"D:\Project\all_Project\BLDC\SVN\trunk\BLDC_Project\BSW\MCAL\Driver\Include" -I"D:\Project\all_Project\BLDC\SVN\trunk\BLDC_Project\BSW\MCAL\HwA\Include" -I"D:\Project\all_Project\BLDC\SVN\trunk\BLDC_Project\BSW\MCAL\Startup" -I"D:\Project\all_Project\BLDC\SVN\trunk\BLDC_Project\BSW\MCAL\BSP\Inc" -I"D:\Project\all_Project\BLDC\SVN\trunk\BLDC_Project\BSW\CDD\SBC\Inc" -I"D:\Project\all_Project\BLDC\SVN\trunk\BLDC_Project\BSW\ECAL\IoHwAb\Inc" -I"D:\Project\all_Project\BLDC\SVN\trunk\BLDC_Project\BSW\OS\FreeRTOS\Include" -I"D:\Project\all_Project\BLDC\SVN\trunk\BLDC_Project\BSW\OS\FreeRTOS\Sources\portable\GCC\ARM_CM4F" -I"D:\Project\all_Project\BLDC\SVN\trunk\BLDC_Project\BSW\AlgorithmLib" -I"D:\Project\all_Project\BLDC\SVN\trunk\BLDC_Project\BSW\Com\Include" -I"D:\Project\all_Project\BLDC\SVN\trunk\BLDC_Project\RTE" -I"D:\Project\all_Project\BLDC\SVN\trunk\BLDC_Project\BSW\Pdu\Include" -I"D:\Project\all_Project\BLDC\SVN\trunk\BLDC_Project\BSW\XCP" -I"D:\Project\all_Project\BLDC\SVN\trunk\BLDC_Project\BSW\Can_Hw\Inc" -I"D:\Project\all_Project\BLDC\SVN\trunk\BLDC_Project\BSW\MCAL\Device\Arm\cm4" -I"D:\Project\all_Project\BLDC\SVN\trunk\BLDC_Project\BSW\OS\SysView\Config" -I"D:\Project\all_Project\BLDC\SVN\trunk\BLDC_Project\BSW\OS\SysView\Sample\FreeRTOSV10.4" -I"D:\Project\all_Project\BLDC\SVN\trunk\BLDC_Project\BSW\OS\SysView\SEGGER" -I"D:\Project\all_Project\BLDC\SVN\trunk\BLDC_Project\BSW\CDD\MotorDriver\MPQ6533\Inc" -I"D:\Project\all_Project\BLDC\SVN\trunk\BLDC_Project\BSW\CDD\MotorDriver\motor_lib" -std=gnu11 -MMD -MP -MF"BSW/CDD/MEMS/Src/IMU_Driver.d" -MT"BSW/CDD/MEMS/Src/IMU_Driver.o" -c -o "BSW/CDD/MEMS/Src/IMU_Driver.o" "../BSW/CDD/MEMS/Src/IMU_Driver.c"
Building file: ../ASW/main.c
Invoking: GNU Arm Cross C Compiler
arm-none-eabi-gcc -mcpu=cortex-m4 -mthumb -mfloat-abi=hard -mfpu=fpv4-sp-d16 -O1 -fmessage-length=0 -fsigned-char -ffunction-sections -fdata-sections -ffreestanding -fno-move-loop-invariants -Wunused -Wuninitialized -Wall -Wextra -Wmissing-declarations -Wconversion -Wpointer-arith -Wshadow -Wlogical-op -Wfloat-equal  -g3 -DDEBUG -DECU_ADDRESS_PDM_FL -DTRACE -DSTART_FROM_FLASH -DMCU_FC4150_512K=1 -DMCU_FC4150_2M=2 -DMCU_FC4150_1M_A=3 -DMCU_FC4150_1M_B=4 -DMCU_FC4150_1M_S=5 -DDEVICE_TYPE=MCU_FC4150_1M_B -DECU_ADDRESS_BLDC -DIMU_SPI_COMM -I"D:\Project\all_Project\BLDC\SVN\trunk\BLDC_Project\BSW\CDD\MEMS\Inc" -I"D:\Project\all_Project\BLDC\SVN\trunk\BLDC_Project\ASW" -I"D:\Project\all_Project\BLDC\SVN\trunk\BLDC_Project\BSW\NvM\Include" -I"D:\Project\all_Project\BLDC\SVN\trunk\BLDC_Project\BSW\CompatibleInfo" -I"D:\Project\all_Project\BLDC\SVN\trunk\BLDC_Project\BSW\MCAL\Device" -I"D:\Project\all_Project\BLDC\SVN\trunk\BLDC_Project\BSW\MCAL\Device\Arm\CMSIS5_590\Core\Include" -I"D:\Project\all_Project\BLDC\SVN\trunk\BLDC_Project\BSW\MCAL\Device\Arm\CMSIS5_590\DSP\Include" -I"D:\Project\all_Project\BLDC\SVN\trunk\BLDC_Project\BSW\MCAL\Device\Arm\CMSIS5_590\DSP\PrivateInclude" -I"D:\Project\all_Project\BLDC\SVN\trunk\BLDC_Project\BSW\MCAL\Driver\Include" -I"D:\Project\all_Project\BLDC\SVN\trunk\BLDC_Project\BSW\MCAL\HwA\Include" -I"D:\Project\all_Project\BLDC\SVN\trunk\BLDC_Project\BSW\MCAL\Startup" -I"D:\Project\all_Project\BLDC\SVN\trunk\BLDC_Project\BSW\MCAL\BSP\Inc" -I"D:\Project\all_Project\BLDC\SVN\trunk\BLDC_Project\BSW\CDD\SBC\Inc" -I"D:\Project\all_Project\BLDC\SVN\trunk\BLDC_Project\BSW\ECAL\IoHwAb\Inc" -I"D:\Project\all_Project\BLDC\SVN\trunk\BLDC_Project\BSW\OS\FreeRTOS\Include" -I"D:\Project\all_Project\BLDC\SVN\trunk\BLDC_Project\BSW\OS\FreeRTOS\Sources\portable\GCC\ARM_CM4F" -I"D:\Project\all_Project\BLDC\SVN\trunk\BLDC_Project\BSW\AlgorithmLib" -I"D:\Project\all_Project\BLDC\SVN\trunk\BLDC_Project\BSW\Com\Include" -I"D:\Project\all_Project\BLDC\SVN\trunk\BLDC_Project\RTE" -I"D:\Project\all_Project\BLDC\SVN\trunk\BLDC_Project\BSW\Pdu\Include" -I"D:\Project\all_Project\BLDC\SVN\trunk\BLDC_Project\BSW\XCP" -I"D:\Project\all_Project\BLDC\SVN\trunk\BLDC_Project\BSW\Can_Hw\Inc" -I"D:\Project\all_Project\BLDC\SVN\trunk\BLDC_Project\BSW\MCAL\Device\Arm\cm4" -I"D:\Project\all_Project\BLDC\SVN\trunk\BLDC_Project\BSW\OS\SysView\Config" -I"D:\Project\all_Project\BLDC\SVN\trunk\BLDC_Project\BSW\OS\SysView\Sample\FreeRTOSV10.4" -I"D:\Project\all_Project\BLDC\SVN\trunk\BLDC_Project\BSW\OS\SysView\SEGGER" -I"D:\Project\all_Project\BLDC\SVN\trunk\BLDC_Project\BSW\CDD\MotorDriver\MPQ6533\Inc" -I"D:\Project\all_Project\BLDC\SVN\trunk\BLDC_Project\BSW\CDD\MotorDriver\motor_lib" -std=gnu11 -MMD -MP -MF"BSW/AlgorithmLib/Math_Control_Lib.d" -MT"BSW/AlgorithmLib/Math_Control_Lib.o" -c -o "BSW/AlgorithmLib/Math_Control_Lib.o" "../BSW/AlgorithmLib/Math_Control_Lib.c"
Invoking: GNU Arm Cross C Compiler
arm-none-eabi-gcc -mcpu=cortex-m4 -mthumb -mfloat-abi=hard -mfpu=fpv4-sp-d16 -O1 -fmessage-length=0 -fsigned-char -ffunction-sections -fdata-sections -ffreestanding -fno-move-loop-invariants -Wunused -Wuninitialized -Wall -Wextra -Wmissing-declarations -Wconversion -Wpointer-arith -Wshadow -Wlogical-op -Wfloat-equal  -g3 -DDEBUG -DECU_ADDRESS_PDM_FL -DTRACE -DSTART_FROM_FLASH -DMCU_FC4150_512K=1 -DMCU_FC4150_2M=2 -DMCU_FC4150_1M_A=3 -DMCU_FC4150_1M_B=4 -DMCU_FC4150_1M_S=5 -DDEVICE_TYPE=MCU_FC4150_1M_B -DECU_ADDRESS_BLDC -DIMU_SPI_COMM -I"D:\Project\all_Project\BLDC\SVN\trunk\BLDC_Project\BSW\CDD\MEMS\Inc" -I"D:\Project\all_Project\BLDC\SVN\trunk\BLDC_Project\ASW" -I"D:\Project\all_Project\BLDC\SVN\trunk\BLDC_Project\BSW\NvM\Include" -I"D:\Project\all_Project\BLDC\SVN\trunk\BLDC_Project\BSW\CompatibleInfo" -I"D:\Project\all_Project\BLDC\SVN\trunk\BLDC_Project\BSW\MCAL\Device" -I"D:\Project\all_Project\BLDC\SVN\trunk\BLDC_Project\BSW\MCAL\Device\Arm\CMSIS5_590\Core\Include" -I"D:\Project\all_Project\BLDC\SVN\trunk\BLDC_Project\BSW\MCAL\Device\Arm\CMSIS5_590\DSP\Include" -I"D:\Project\all_Project\BLDC\SVN\trunk\BLDC_Project\BSW\MCAL\Device\Arm\CMSIS5_590\DSP\PrivateInclude" -I"D:\Project\all_Project\BLDC\SVN\trunk\BLDC_Project\BSW\MCAL\Driver\Include" -I"D:\Project\all_Project\BLDC\SVN\trunk\BLDC_Project\BSW\MCAL\HwA\Include" -I"D:\Project\all_Project\BLDC\SVN\trunk\BLDC_Project\BSW\MCAL\Startup" -I"D:\Project\all_Project\BLDC\SVN\trunk\BLDC_Project\BSW\MCAL\BSP\Inc" -I"D:\Project\all_Project\BLDC\SVN\trunk\BLDC_Project\BSW\CDD\SBC\Inc" -I"D:\Project\all_Project\BLDC\SVN\trunk\BLDC_Project\BSW\ECAL\IoHwAb\Inc" -I"D:\Project\all_Project\BLDC\SVN\trunk\BLDC_Project\BSW\OS\FreeRTOS\Include" -I"D:\Project\all_Project\BLDC\SVN\trunk\BLDC_Project\BSW\OS\FreeRTOS\Sources\portable\GCC\ARM_CM4F" -I"D:\Project\all_Project\BLDC\SVN\trunk\BLDC_Project\BSW\AlgorithmLib" -I"D:\Project\all_Project\BLDC\SVN\trunk\BLDC_Project\BSW\Com\Include" -I"D:\Project\all_Project\BLDC\SVN\trunk\BLDC_Project\RTE" -I"D:\Project\all_Project\BLDC\SVN\trunk\BLDC_Project\BSW\Pdu\Include" -I"D:\Project\all_Project\BLDC\SVN\trunk\BLDC_Project\BSW\XCP" -I"D:\Project\all_Project\BLDC\SVN\trunk\BLDC_Project\BSW\Can_Hw\Inc" -I"D:\Project\all_Project\BLDC\SVN\trunk\BLDC_Project\BSW\MCAL\Device\Arm\cm4" -I"D:\Project\all_Project\BLDC\SVN\trunk\BLDC_Project\BSW\OS\SysView\Config" -I"D:\Project\all_Project\BLDC\SVN\trunk\BLDC_Project\BSW\OS\SysView\Sample\FreeRTOSV10.4" -I"D:\Project\all_Project\BLDC\SVN\trunk\BLDC_Project\BSW\OS\SysView\SEGGER" -I"D:\Project\all_Project\BLDC\SVN\trunk\BLDC_Project\BSW\CDD\MotorDriver\MPQ6533\Inc" -I"D:\Project\all_Project\BLDC\SVN\trunk\BLDC_Project\BSW\CDD\MotorDriver\motor_lib" -std=gnu11 -MMD -MP -MF"ASW/APP.d" -MT"ASW/APP.o" -c -o "ASW/APP.o" "../ASW/APP.c"
Invoking: GNU Arm Cross C Compiler
arm-none-eabi-gcc -mcpu=cortex-m4 -mthumb -mfloat-abi=hard -mfpu=fpv4-sp-d16 -O1 -fmessage-length=0 -fsigned-char -ffunction-sections -fdata-sections -ffreestanding -fno-move-loop-invariants -Wunused -Wuninitialized -Wall -Wextra -Wmissing-declarations -Wconversion -Wpointer-arith -Wshadow -Wlogical-op -Wfloat-equal  -g3 -DDEBUG -DECU_ADDRESS_PDM_FL -DTRACE -DSTART_FROM_FLASH -DMCU_FC4150_512K=1 -DMCU_FC4150_2M=2 -DMCU_FC4150_1M_A=3 -DMCU_FC4150_1M_B=4 -DMCU_FC4150_1M_S=5 -DDEVICE_TYPE=MCU_FC4150_1M_B -DECU_ADDRESS_BLDC -DIMU_SPI_COMM -I"D:\Project\all_Project\BLDC\SVN\trunk\BLDC_Project\BSW\CDD\MEMS\Inc" -I"D:\Project\all_Project\BLDC\SVN\trunk\BLDC_Project\ASW" -I"D:\Project\all_Project\BLDC\SVN\trunk\BLDC_Project\BSW\NvM\Include" -I"D:\Project\all_Project\BLDC\SVN\trunk\BLDC_Project\BSW\CompatibleInfo" -I"D:\Project\all_Project\BLDC\SVN\trunk\BLDC_Project\BSW\MCAL\Device" -I"D:\Project\all_Project\BLDC\SVN\trunk\BLDC_Project\BSW\MCAL\Device\Arm\CMSIS5_590\Core\Include" -I"D:\Project\all_Project\BLDC\SVN\trunk\BLDC_Project\BSW\MCAL\Device\Arm\CMSIS5_590\DSP\Include" -I"D:\Project\all_Project\BLDC\SVN\trunk\BLDC_Project\BSW\MCAL\Device\Arm\CMSIS5_590\DSP\PrivateInclude" -I"D:\Project\all_Project\BLDC\SVN\trunk\BLDC_Project\BSW\MCAL\Driver\Include" -I"D:\Project\all_Project\BLDC\SVN\trunk\BLDC_Project\BSW\MCAL\HwA\Include" -I"D:\Project\all_Project\BLDC\SVN\trunk\BLDC_Project\BSW\MCAL\Startup" -I"D:\Project\all_Project\BLDC\SVN\trunk\BLDC_Project\BSW\MCAL\BSP\Inc" -I"D:\Project\all_Project\BLDC\SVN\trunk\BLDC_Project\BSW\CDD\SBC\Inc" -I"D:\Project\all_Project\BLDC\SVN\trunk\BLDC_Project\BSW\ECAL\IoHwAb\Inc" -I"D:\Project\all_Project\BLDC\SVN\trunk\BLDC_Project\BSW\OS\FreeRTOS\Include" -I"D:\Project\all_Project\BLDC\SVN\trunk\BLDC_Project\BSW\OS\FreeRTOS\Sources\portable\GCC\ARM_CM4F" -I"D:\Project\all_Project\BLDC\SVN\trunk\BLDC_Project\BSW\AlgorithmLib" -I"D:\Project\all_Project\BLDC\SVN\trunk\BLDC_Project\BSW\Com\Include" -I"D:\Project\all_Project\BLDC\SVN\trunk\BLDC_Project\RTE" -I"D:\Project\all_Project\BLDC\SVN\trunk\BLDC_Project\BSW\Pdu\Include" -I"D:\Project\all_Project\BLDC\SVN\trunk\BLDC_Project\BSW\XCP" -I"D:\Project\all_Project\BLDC\SVN\trunk\BLDC_Project\BSW\Can_Hw\Inc" -I"D:\Project\all_Project\BLDC\SVN\trunk\BLDC_Project\BSW\MCAL\Device\Arm\cm4" -I"D:\Project\all_Project\BLDC\SVN\trunk\BLDC_Project\BSW\OS\SysView\Config" -I"D:\Project\all_Project\BLDC\SVN\trunk\BLDC_Project\BSW\OS\SysView\Sample\FreeRTOSV10.4" -I"D:\Project\all_Project\BLDC\SVN\trunk\BLDC_Project\BSW\OS\SysView\SEGGER" -I"D:\Project\all_Project\BLDC\SVN\trunk\BLDC_Project\BSW\CDD\MotorDriver\MPQ6533\Inc" -I"D:\Project\all_Project\BLDC\SVN\trunk\BLDC_Project\BSW\CDD\MotorDriver\motor_lib" -std=gnu11 -MMD -MP -MF"ASW/Spindle_Control.d" -MT"ASW/Spindle_Control.o" -c -o "ASW/Spindle_Control.o" "../ASW/Spindle_Control.c"
Invoking: GNU Arm Cross C Compiler
arm-none-eabi-gcc -mcpu=cortex-m4 -mthumb -mfloat-abi=hard -mfpu=fpv4-sp-d16 -O1 -fmessage-length=0 -fsigned-char -ffunction-sections -fdata-sections -ffreestanding -fno-move-loop-invariants -Wunused -Wuninitialized -Wall -Wextra -Wmissing-declarations -Wconversion -Wpointer-arith -Wshadow -Wlogical-op -Wfloat-equal  -g3 -DDEBUG -DECU_ADDRESS_PDM_FL -DTRACE -DSTART_FROM_FLASH -DMCU_FC4150_512K=1 -DMCU_FC4150_2M=2 -DMCU_FC4150_1M_A=3 -DMCU_FC4150_1M_B=4 -DMCU_FC4150_1M_S=5 -DDEVICE_TYPE=MCU_FC4150_1M_B -DECU_ADDRESS_BLDC -DIMU_SPI_COMM -I"D:\Project\all_Project\BLDC\SVN\trunk\BLDC_Project\BSW\CDD\MEMS\Inc" -I"D:\Project\all_Project\BLDC\SVN\trunk\BLDC_Project\ASW" -I"D:\Project\all_Project\BLDC\SVN\trunk\BLDC_Project\BSW\NvM\Include" -I"D:\Project\all_Project\BLDC\SVN\trunk\BLDC_Project\BSW\CompatibleInfo" -I"D:\Project\all_Project\BLDC\SVN\trunk\BLDC_Project\BSW\MCAL\Device" -I"D:\Project\all_Project\BLDC\SVN\trunk\BLDC_Project\BSW\MCAL\Device\Arm\CMSIS5_590\Core\Include" -I"D:\Project\all_Project\BLDC\SVN\trunk\BLDC_Project\BSW\MCAL\Device\Arm\CMSIS5_590\DSP\Include" -I"D:\Project\all_Project\BLDC\SVN\trunk\BLDC_Project\BSW\MCAL\Device\Arm\CMSIS5_590\DSP\PrivateInclude" -I"D:\Project\all_Project\BLDC\SVN\trunk\BLDC_Project\BSW\MCAL\Driver\Include" -I"D:\Project\all_Project\BLDC\SVN\trunk\BLDC_Project\BSW\MCAL\HwA\Include" -I"D:\Project\all_Project\BLDC\SVN\trunk\BLDC_Project\BSW\MCAL\Startup" -I"D:\Project\all_Project\BLDC\SVN\trunk\BLDC_Project\BSW\MCAL\BSP\Inc" -I"D:\Project\all_Project\BLDC\SVN\trunk\BLDC_Project\BSW\CDD\SBC\Inc" -I"D:\Project\all_Project\BLDC\SVN\trunk\BLDC_Project\BSW\ECAL\IoHwAb\Inc" -I"D:\Project\all_Project\BLDC\SVN\trunk\BLDC_Project\BSW\OS\FreeRTOS\Include" -I"D:\Project\all_Project\BLDC\SVN\trunk\BLDC_Project\BSW\OS\FreeRTOS\Sources\portable\GCC\ARM_CM4F" -I"D:\Project\all_Project\BLDC\SVN\trunk\BLDC_Project\BSW\AlgorithmLib" -I"D:\Project\all_Project\BLDC\SVN\trunk\BLDC_Project\BSW\Com\Include" -I"D:\Project\all_Project\BLDC\SVN\trunk\BLDC_Project\RTE" -I"D:\Project\all_Project\BLDC\SVN\trunk\BLDC_Project\BSW\Pdu\Include" -I"D:\Project\all_Project\BLDC\SVN\trunk\BLDC_Project\BSW\XCP" -I"D:\Project\all_Project\BLDC\SVN\trunk\BLDC_Project\BSW\Can_Hw\Inc" -I"D:\Project\all_Project\BLDC\SVN\trunk\BLDC_Project\BSW\MCAL\Device\Arm\cm4" -I"D:\Project\all_Project\BLDC\SVN\trunk\BLDC_Project\BSW\OS\SysView\Config" -I"D:\Project\all_Project\BLDC\SVN\trunk\BLDC_Project\BSW\OS\SysView\Sample\FreeRTOSV10.4" -I"D:\Project\all_Project\BLDC\SVN\trunk\BLDC_Project\BSW\OS\SysView\SEGGER" -I"D:\Project\all_Project\BLDC\SVN\trunk\BLDC_Project\BSW\CDD\MotorDriver\MPQ6533\Inc" -I"D:\Project\all_Project\BLDC\SVN\trunk\BLDC_Project\BSW\CDD\MotorDriver\motor_lib" -std=gnu11 -MMD -MP -MF"ASW/main.d" -MT"ASW/main.o" -c -o "ASW/main.o" "../ASW/main.c"
../BSW/AlgorithmLib/Math_Control_Lib.c: In function 'Lib_PI_Controller':
../BSW/AlgorithmLib/Math_Control_Lib.c:137:18: warning: conversion from 'int' to 'int16_t' {aka 'short int'} may change value [-Wconversion]
  137 |  (* Integral) += (int16_t)(Error*KiPermillage/1000);
      |                  ^
../BSW/AlgorithmLib/Math_Control_Lib.c: In function 'Lib_Linear_4P_Interpo':
../BSW/AlgorithmLib/Math_Control_Lib.c:247:13: warning: conversion from 'int' to 'int16_t' {aka 'short int'} may change value [-Wconversion]
  247 |    Output = y1 + (Input - x1)*(y2 - y1)/(x2 - x1);
      |             ^~
../BSW/AlgorithmLib/Math_Control_Lib.c:251:13: warning: conversion from 'int' to 'int16_t' {aka 'short int'} may change value [-Wconversion]
  251 |    Output = y2 + (Input - x2)*(y3 - y2)/(x3 - x2);
      |             ^~
../BSW/AlgorithmLib/Math_Control_Lib.c:255:13: warning: conversion from 'int' to 'int16_t' {aka 'short int'} may change value [-Wconversion]
  255 |    Output = y3 + (Input - x3)*(y4 - y3)/(x4 - x3);
      |             ^~
../ASW/APP.c:8:6: warning: no previous declaration for 'APP_5ms' [-Wmissing-declarations]
    8 | void APP_5ms(void)
      |      ^~~~~~~
../BSW/CDD/MotorDriver/motor_lib/motor_estimator.c: In function 'Motor_Estimator_Smo_Pll':
../BSW/CDD/MotorDriver/motor_lib/motor_estimator.c:307:25: warning: conversion from 'double' to 'float' may change value [-Wfloat-conversion]
  307 |     rotor->smo_pll.ui = rotor->smo_pll.ui + up * estimator->smo_pll_param.pll_pi_i + 0.2 * error;
      |                         ^~~~~
../BSW/CDD/MotorDriver/motor_lib/motor_estimator.c:317:24: warning: conversion from 'double' to 'float' may change value [-Wfloat-conversion]
  317 |     estimator->speed = rotor->smo_pll.we * 30 / M_PI / motor_param->pole_pairs;
      |                        ^~~~~
../BSW/CDD/MotorDriver/motor_lib/motor_estimator.c: In function 'Motor_Estimator_Smo_Eso_Pll':
../BSW/CDD/MotorDriver/motor_lib/motor_estimator.c:445:13: warning: conversion from 'double' to 'float' may change value [-Wfloat-conversion]
  445 |             (PLL_PI_LIMIT_K * Motor_GetSpeed() * motor_param->pole_pairs * 2 * M_PI / 60);
      |             ^
../BSW/CDD/MotorDriver/motor_lib/motor_estimator.c:458:32: warning: conversion from 'double' to 'float' may change value [-Wfloat-conversion]
  458 |     rotor->smo_eso_pll.angle = rotor->smo_eso_pll.rho + M_PI;
      |                                ^~~~~
../BSW/CDD/MotorDriver/motor_lib/motor_estimator.c:462:24: warning: conversion from 'double' to 'float' may change value [-Wfloat-conversion]
  462 |     estimator->speed = rotor->smo_eso_pll.we * 30 / M_PI / motor_param->pole_pairs;
      |                        ^~~~~
../ASW/Spindle_Control.c: In function 'GetMotorSpeedRf':
../ASW/Spindle_Control.c:167:33: warning: implicit declaration of function 'Lib_Linear_4P_Interpo'; did you mean 'Lib_Linear_6P_Interpo'? [-Wimplicit-function-declaration]
  167 |         MotorSpeedRf = (int16_t)Lib_Linear_4P_Interpo(encoder_position,
      |                                 ^~~~~~~~~~~~~~~~~~~~~
      |                                 Lib_Linear_6P_Interpo
Finished building: ../ASW/APP.c
../BSW/CDD/MEMS/Src/IMU_Driver.c:66:16: warning: no previous declaration for 'IMU_SetPowerMode' [-Wmissing-declarations]
   66 | Std_ReturnType IMU_SetPowerMode(uint8_t u8_mode)
      |                ^~~~~~~~~~~~~~~~
../BSW/CDD/MEMS/Src/IMU_Driver.c:133:6: warning: no previous declaration for 'IMU_AccDataCalc' [-Wmissing-declarations]
  133 | void IMU_AccDataCalc(int8_t calcNum)
      |      ^~~~~~~~~~~~~~~
../BSW/CDD/MEMS/Src/IMU_Driver.c: In function 'IMU_AccDataCalc':
../BSW/CDD/MEMS/Src/IMU_Driver.c:152:28: warning: conversion from 'int' to 'int16_t' {aka 'short int'} may change value [-Wconversion]
  152 |   s_aui16ImuAccelData[0] = (int16_t)(l_i32AccXSum / calcNum) - g_aui16ImuCalibrationData[0];
      |                            ^
 
../BSW/CDD/MEMS/Src/IMU_Driver.c:153:28: warning: conversion from 'int' to 'int16_t' {aka 'short int'} may change value [-Wconversion]
  153 |   s_aui16ImuAccelData[1] = (int16_t)(l_i32AccYSum / calcNum) - g_aui16ImuCalibrationData[1];
      |                            ^
../BSW/CDD/MEMS/Src/IMU_Driver.c:154:28: warning: conversion from 'int' to 'int16_t' {aka 'short int'} may change value [-Wconversion]
  154 |   s_aui16ImuAccelData[2] = (int16_t)(l_i32AccZSum / calcNum) - g_aui16ImuCalibrationData[2];
      |                            ^
Finished building: ../BSW/AlgorithmLib/Math_Control_Lib.c
../BSW/CDD/MEMS/Src/IMU_Driver.c: At top level:
../BSW/CDD/MEMS/Src/IMU_Driver.c:225:16: warning: no previous declaration for 'IMU_LearnProcessTrigger' [-Wmissing-declarations]
  225 | Std_ReturnType IMU_LearnProcessTrigger(void)
      |                ^~~~~~~~~~~~~~~~~~~~~~~
../BSW/CDD/MEMS/Src/IMU_Driver.c:275:16: warning: no previous declaration for 'IMU_LearnProcessGetResult' [-Wmissing-declarations]
  275 | Std_ReturnType IMU_LearnProcessGetResult(uint8_t *result)
      |                ^~~~~~~~~~~~~~~~~~~~~~~~~
../BSW/CDD/MEMS/Src/IMU_Driver.c:343:16: warning: no previous declaration for 'IMU_ReadAccData' [-Wmissing-declarations]
  343 | Std_ReturnType IMU_ReadAccData(int16_t *ax, int16_t *ay, int16_t *az)
      |                ^~~~~~~~~~~~~~~
../BSW/CDD/MEMS/Src/IMU_Driver.c:351:16: warning: no previous declaration for 'IMU_ReadAccDataOffset' [-Wmissing-declarations]
  351 | Std_ReturnType IMU_ReadAccDataOffset(int16_t *axo, int16_t *ayo, int16_t *azo)
      |                ^~~~~~~~~~~~~~~~~~~~~
../BSW/CDD/MEMS/Src/IMU_Driver.c:358:6: warning: no previous declaration for 'FXLS8961_INT1_CallBack' [-Wmissing-declarations]
  358 | void FXLS8961_INT1_CallBack()
      |      ^~~~~~~~~~~~~~~~~~~~~~
../BSW/CDD/MEMS/Src/IMU_Driver.c: In function 'FXLS8961_INT1_CallBack':
../BSW/CDD/MEMS/Src/IMU_Driver.c:389:94: warning: conversion to 'unsigned int' from 'int' may change the sign of the result [-Wsign-conversion]
  389 |   g_aui8ImuAccXbuff[s_ui8AccDataIdx] = (((uint16_t)g_aui8ImuRxBuff[IMU_OUT_X_INDEX_H] << 8U) & 0x0F00U) +\
      |                                                                                              ^
../BSW/CDD/MEMS/Src/IMU_Driver.c:389:40: warning: conversion from 'unsigned int' to 'uint16_t' {aka 'short unsigned int'} may change value [-Wconversion]
  389 |   g_aui8ImuAccXbuff[s_ui8AccDataIdx] = (((uint16_t)g_aui8ImuRxBuff[IMU_OUT_X_INDEX_H] << 8U) & 0x0F00U) +\
      |                                        ^
../BSW/CDD/MEMS/Src/IMU_Driver.c:391:94: warning: conversion to 'unsigned int' from 'int' may change the sign of the result [-Wsign-conversion]
  391 |   g_aui8ImuAccYbuff[s_ui8AccDataIdx] = (((uint16_t)g_aui8ImuRxBuff[IMU_OUT_Y_INDEX_H] << 8U) & 0x0F00U) +\
      |                                                                                              ^
../BSW/CDD/MEMS/Src/IMU_Driver.c:391:40: warning: conversion from 'unsigned int' to 'uint16_t' {aka 'short unsigned int'} may change value [-Wconversion]
  391 |   g_aui8ImuAccYbuff[s_ui8AccDataIdx] = (((uint16_t)g_aui8ImuRxBuff[IMU_OUT_Y_INDEX_H] << 8U) & 0x0F00U) +\
      |                                        ^
../BSW/CDD/MEMS/Src/IMU_Driver.c:393:94: warning: conversion to 'unsigned int' from 'int' may change the sign of the result [-Wsign-conversion]
  393 |   g_aui8ImuAccZbuff[s_ui8AccDataIdx] = (((uint16_t)g_aui8ImuRxBuff[IMU_OUT_Z_INDEX_H] << 8U) & 0x0F00U) +\
      |                                                                                              ^
../BSW/CDD/MEMS/Src/IMU_Driver.c:393:40: warning: conversion from 'unsigned int' to 'uint16_t' {aka 'short unsigned int'} may change value [-Wconversion]
  393 |   g_aui8ImuAccZbuff[s_ui8AccDataIdx] = (((uint16_t)g_aui8ImuRxBuff[IMU_OUT_Z_INDEX_H] << 8U) & 0x0F00U) +\
      |                                        ^
../BSW/CDD/MEMS/Src/IMU_Driver.c: At top level:
../BSW/CDD/MEMS/Src/IMU_Driver.c:402:15: warning: no previous declaration for 'Cdd_ImuCalibrationAccResultGet' [-Wmissing-declarations]
  402 | IMU_FCT_STA_e Cdd_ImuCalibrationAccResultGet(void)
      |               ^~~~~~~~~~~~~~~~~~~~~~~~~~~~~~
../BSW/CDD/MEMS/Src/IMU_Driver.c:407:6: warning: no previous declaration for 'Cdd_ImuCalibrationAccTriggerStart' [-Wmissing-declarations]
  407 | void Cdd_ImuCalibrationAccTriggerStart(void)
      |      ^~~~~~~~~~~~~~~~~~~~~~~~~~~~~~~~~
../BSW/CDD/MEMS/Src/IMU_Driver.c: In function 'IMU_FctRun':
../BSW/CDD/MEMS/Src/IMU_Driver.c:440:33: warning: conversion from 'int' to 'int16_t' {aka 'short int'} may change value [-Wconversion]
  440 |  g_aui16ImuCalibrationData[2] = s_aui16ImuAccelData[2] - 512; //
      |                                 ^~~~~~~~~~~~~~~~~~~
../BSW/CDD/MEMS/Src/IMU_Driver.c: In function 'Cdd_ImuSpiCompleteCallback':
../BSW/CDD/MEMS/Src/IMU_Driver.c:457:59: warning: unused parameter 'pFcspiHandle' [-Wunused-parameter]
  457 | void Cdd_ImuSpiCompleteCallback(struct _FCSPI_HandleType *pFcspiHandle, FCSPI_AtomicBoolType bIsInIsr)
      |                                 ~~~~~~~~~~~~~~~~~~~~~~~~~~^~~~~~~~~~~~
../BSW/CDD/MEMS/Src/IMU_Driver.c:457:94: warning: unused parameter 'bIsInIsr' [-Wunused-parameter]
  457 | void Cdd_ImuSpiCompleteCallback(struct _FCSPI_HandleType *pFcspiHandle, FCSPI_AtomicBoolType bIsInIsr)
      |                                                                         ~~~~~~~~~~~~~~~~~~~~~^~~~~~~~
 
Finished building: ../ASW/Spindle_Control.c
 
Finished building: ../BSW/CDD/MotorDriver/motor_lib/motor_estimator.c
 
Finished building: ../ASW/main.c
 
Finished building: ../BSW/CDD/MEMS/Src/IMU_Driver.c
 
Building target: BLDC_Project_PDM_BLDC.elf
Invoking: GNU Arm Cross C++ Linker
arm-none-eabi-g++ -mcpu=cortex-m4 -mthumb -mfloat-abi=hard -mfpu=fpv4-sp-d16 -O1 -fmessage-length=0 -fsigned-char -ffunction-sections -fdata-sections -ffreestanding -fno-move-loop-invariants -Wunused -Wuninitialized -Wall -Wextra -Wmissing-declarations -Wconversion -Wpointer-arith -Wshadow -Wlogical-op -Wfloat-equal  -g3 -T "D:\Project\all_Project\BLDC\SVN\trunk\BLDC_Project\BSW\MCAL\Startup\FC4150_1M_B_flash.ld" -nostartfiles -Xlinker --gc-sections -L"D:\Project\all_Project\BLDC\SVN\trunk\BLDC_Project\BSW\MCAL\Startup" -L"D:\Project\all_Project\BLDC\SVN\trunk\BLDC_Project\BSW\MCAL\_gcc_lib" -Xlinker --print-memory-usage -Wl,-Map,"BLDC_Project_PDM_BLDC.map" --specs=nosys.specs -Xlinker --print-memory-usage -o "BLDC_Project_PDM_BLDC.elf"  ./RTE/AllTask.o ./RTE/rte.o  ./BSW/XCP/XcpBasic.o ./BSW/XCP/_xcp_appl.o ./BSW/XCP/xcp_par.o  ./BSW/Pdu/Source/Pdu.o ./BSW/Pdu/Source/Pdu_cfg.o  ./BSW/OS/SysView/Sample/FreeRTOSV10.4/Config/Cortex-M/SEGGER_SYSVIEW_Config_FreeRTOS.o  ./BSW/OS/SysView/Sample/FreeRTOSV10.4/SEGGER_SYSVIEW_FreeRTOS.o  ./BSW/OS/SysView/SEGGER/Syscalls/SEGGER_RTT_Syscalls_GCC.o ./BSW/OS/SysView/SEGGER/Syscalls/SEGGER_RTT_Syscalls_IAR.o ./BSW/OS/SysView/SEGGER/Syscalls/SEGGER_RTT_Syscalls_KEIL.o ./BSW/OS/SysView/SEGGER/Syscalls/SEGGER_RTT_Syscalls_SES.o  ./BSW/OS/SysView/SEGGER/SEGGER_RTT.o ./BSW/OS/SysView/SEGGER/SEGGER_RTT_ASM_ARMv7M.o ./BSW/OS/SysView/SEGGER/SEGGER_RTT_printf.o ./BSW/OS/SysView/SEGGER/SEGGER_SYSVIEW.o  ./BSW/OS/FreeRTOS/Sources/portable/MemMang/heap_4.o  ./BSW/OS/FreeRTOS/Sources/portable/GCC/ARM_CM4F/port.o  ./BSW/OS/FreeRTOS/Sources/croutine.o ./BSW/OS/FreeRTOS/Sources/event_groups.o ./BSW/OS/FreeRTOS/Sources/list.o ./BSW/OS/FreeRTOS/Sources/queue.o ./BSW/OS/FreeRTOS/Sources/stream_buffer.o ./BSW/OS/FreeRTOS/Sources/tasks.o ./BSW/OS/FreeRTOS/Sources/timers.o  ./BSW/NvM/Source/NvM.o ./BSW/NvM/Source/NvM_Cfg.o  ./BSW/MCAL/Startup/startup_FC4150.o ./BSW/MCAL/Startup/system_init.o  ./BSW/MCAL/Driver/Source/module_driver_adc.o ./BSW/MCAL/Driver/Source/module_driver_afcb.o ./BSW/MCAL/Driver/Source/module_driver_aontimer.o ./BSW/MCAL/Driver/Source/module_driver_cache.o ./BSW/MCAL/Driver/Source/module_driver_cmp.o ./BSW/MCAL/Driver/Source/module_driver_cmu.o ./BSW/MCAL/Driver/Source/module_driver_cordic.o ./BSW/MCAL/Driver/Source/module_driver_crc.o ./BSW/MCAL/Driver/Source/module_driver_dma.o ./BSW/MCAL/Driver/Source/module_driver_eim.o ./BSW/MCAL/Driver/Source/module_driver_enet.o ./BSW/MCAL/Driver/Source/module_driver_erm.o ./BSW/MCAL/Driver/Source/module_driver_farc.o ./BSW/MCAL/Driver/Source/module_driver_fciic.o ./BSW/MCAL/Driver/Source/module_driver_fcpit.o ./BSW/MCAL/Driver/Source/module_driver_fcspi.o ./BSW/MCAL/Driver/Source/module_driver_fcuart.o ./BSW/MCAL/Driver/Source/module_driver_flash.o ./BSW/MCAL/Driver/Source/module_driver_flexcan.o ./BSW/MCAL/Driver/Source/module_driver_freqm.o ./BSW/MCAL/Driver/Source/module_driver_ftu.o ./BSW/MCAL/Driver/Source/module_driver_fwm.o ./BSW/MCAL/Driver/Source/module_driver_gpio.o ./BSW/MCAL/Driver/Source/module_driver_i2s.o ./BSW/MCAL/Driver/Source/module_driver_intm.o ./BSW/MCAL/Driver/Source/module_driver_ism.o ./BSW/MCAL/Driver/Source/module_driver_lin.o ./BSW/MCAL/Driver/Source/module_driver_lu.o ./BSW/MCAL/Driver/Source/module_driver_map.o ./BSW/MCAL/Driver/Source/module_driver_mcm.o ./BSW/MCAL/Driver/Source/module_driver_mpu.o ./BSW/MCAL/Driver/Source/module_driver_ospi.o ./BSW/MCAL/Driver/Source/module_driver_pcc.o ./BSW/MCAL/Driver/Source/module_driver_pmc.o ./BSW/MCAL/Driver/Source/module_driver_port.o ./BSW/MCAL/Driver/Source/module_driver_ptimer.o ./BSW/MCAL/Driver/Source/module_driver_rcm.o ./BSW/MCAL/Driver/Source/module_driver_rtc.o ./BSW/MCAL/Driver/Source/module_driver_scg.o ./BSW/MCAL/Driver/Source/module_driver_scst.o ./BSW/MCAL/Driver/Source/module_driver_sec.o ./BSW/MCAL/Driver/Source/module_driver_smc.o ./BSW/MCAL/Driver/Source/module_driver_smisc.o ./BSW/MCAL/Driver/Source/module_driver_systick.o ./BSW/MCAL/Driver/Source/module_driver_trgsel.o ./BSW/MCAL/Driver/Source/module_driver_tstmp.o ./BSW/MCAL/Driver/Source/module_driver_wdog.o ./BSW/MCAL/Driver/Source/module_driver_wku.o  ./BSW/MCAL/Device/FC/fclib/fcfunc.o ./BSW/MCAL/Device/FC/fclib/fcmath.o  ./BSW/MCAL/Device/Arm/CMSIS5_590/DSP/cmsis_dsp.o  ./BSW/MCAL/BSP/Src/BspAdc.o ./BSW/MCAL/BSP/Src/BspAontimer.o ./BSW/MCAL/BSP/Src/BspCan.o ./BSW/MCAL/BSP/Src/BspClock.o ./BSW/MCAL/BSP/Src/BspDma.o ./BSW/MCAL/BSP/Src/BspFlash.o ./BSW/MCAL/BSP/Src/BspFtuCounter.o ./BSW/MCAL/BSP/Src/BspFtuHallCounter.o ./BSW/MCAL/BSP/Src/BspFtuIcu.o ./BSW/MCAL/BSP/Src/BspFtuPwm.o ./BSW/MCAL/BSP/Src/BspGpio.o ./BSW/MCAL/BSP/Src/BspIic.o ./BSW/MCAL/BSP/Src/BspInterrupt.o ./BSW/MCAL/BSP/Src/BspPtimer.o ./BSW/MCAL/BSP/Src/BspRtc.o ./BSW/MCAL/BSP/Src/BspSmc.o ./BSW/MCAL/BSP/Src/BspSpi.o ./BSW/MCAL/BSP/Src/BspWdg.o  ./BSW/ECAL/IoHwAb/Src/IoHwAb_Adc.o ./BSW/ECAL/IoHwAb/Src/IoHwAb_Counter.o ./BSW/ECAL/IoHwAb/Src/IoHwAb_Dio.o ./BSW/ECAL/IoHwAb/Src/IoHwAb_HallCounter.o ./BSW/ECAL/IoHwAb/Src/IoHwAb_Pwm.o  ./BSW/CompatibleInfo/CompatibleInfo.o  ./BSW/Com/Source/Com.o ./BSW/Com/Source/Com_cfg.o ./BSW/Com/Source/E2E.o  ./BSW/Can_Hw/Src/Can_Hw.o  ./BSW/CDD/SBC/Src/SBC.o ./BSW/CDD/SBC/Src/SBC_Cfg.o ./BSW/CDD/SBC/Src/SBC_Diag.o ./BSW/CDD/SBC/Src/SBC_Driver.o  ./BSW/CDD/MotorDriver/motor_lib/motor_adc.o ./BSW/CDD/MotorDriver/motor_lib/motor_api.o ./BSW/CDD/MotorDriver/motor_lib/motor_app.o ./BSW/CDD/MotorDriver/motor_lib/motor_arm_math.o ./BSW/CDD/MotorDriver/motor_lib/motor_current.o ./BSW/CDD/MotorDriver/motor_lib/motor_encoder.o ./BSW/CDD/MotorDriver/motor_lib/motor_estimator.o ./BSW/CDD/MotorDriver/motor_lib/motor_foc.o ./BSW/CDD/MotorDriver/motor_lib/motor_hall.o ./BSW/CDD/MotorDriver/motor_lib/motor_misc.o ./BSW/CDD/MotorDriver/motor_lib/motor_pid.o ./BSW/CDD/MotorDriver/motor_lib/motor_protect.o ./BSW/CDD/MotorDriver/motor_lib/motor_svpwm.o  ./BSW/CDD/MotorDriver/MPQ6533/Src/MotorControl.o ./BSW/CDD/MotorDriver/MPQ6533/Src/MotorDriver_Cfg.o ./BSW/CDD/MotorDriver/MPQ6533/Src/MotorDriver_Driver.o  ./BSW/CDD/MEMS/Src/IMU.o ./BSW/CDD/MEMS/Src/IMU_Cfg.o ./BSW/CDD/MEMS/Src/IMU_Diag.o ./BSW/CDD/MEMS/Src/IMU_Driver.o  ./BSW/AlgorithmLib/Math_Control_Lib.o  ./ASW/APP.o ./ASW/Spindle_Control.o ./ASW/main.o   -lHsmApi_1MB_Soft_fpu_gcc
Memory region         Used Size  Region Size  %age Used
           FLASH:       65716 B       704 KB      9.12%
           RAM_L:          6 KB        32 KB     18.75%
           RAM_U:       67628 B        96 KB     68.79%
Finished building target: BLDC_Project_PDM_BLDC.elf
 
Invoking: GNU Arm Cross Create Flash Image
arm-none-eabi-objcopy -O ihex "BLDC_Project_PDM_BLDC.elf"  "BLDC_Project_PDM_BLDC.hex"
Invoking: GNU Arm Cross Print Size
arm-none-eabi-size --format=berkeley "BLDC_Project_PDM_BLDC.elf"
   text	   data	    bss	    dec	    hex	filename
  65716	   3272	  70492	 139480	  220d8	BLDC_Project_PDM_BLDC.elf
Finished building: BLDC_Project_PDM_BLDC.siz
 
Finished building: BLDC_Project_PDM_BLDC.hex
 
15:48:56 **** Incremental Build of configuration GEELY_FC4150F1M_BLDC for project BLDC_Project ****
"D:\\Project\\all_IDE\\Flagchip_FC_IDE_4.2.1\\Flagchip_FC_IDE_4.2.1\\cmd\\make" -j16 all 
Invoking: GNU Arm Cross Print Size
arm-none-eabi-size --format=berkeley "BLDC_Project_PDM_BLDC.elf"
   text	   data	    bss	    dec	    hex	filename
  65716	   3272	  70492	 139480	  220d8	BLDC_Project_PDM_BLDC.elf
Finished building: BLDC_Project_PDM_BLDC.siz
 
15:49:13 **** Incremental Build of configuration GEELY_FC4150F1M_BLDC for project BLDC_Project ****
"D:\\Project\\all_IDE\\Flagchip_FC_IDE_4.2.1\\Flagchip_FC_IDE_4.2.1\\cmd\\make" -j16 all 
Invoking: GNU Arm Cross Print Size
arm-none-eabi-size --format=berkeley "BLDC_Project_PDM_BLDC.elf"
   text	   data	    bss	    dec	    hex	filename
  65716	   3272	  70492	 139480	  220d8	BLDC_Project_PDM_BLDC.elf
Finished building: BLDC_Project_PDM_BLDC.siz
 
15:49:36 **** Incremental Build of configuration GEELY_FC4150F1M_BLDC for project BLDC_Project ****
"D:\\Project\\all_IDE\\Flagchip_FC_IDE_4.2.1\\Flagchip_FC_IDE_4.2.1\\cmd\\make" -j16 all 
Invoking: GNU Arm Cross Print Size
arm-none-eabi-size --format=berkeley "BLDC_Project_PDM_BLDC.elf"
   text	   data	    bss	    dec	    hex	filename
  65716	   3272	  70492	 139480	  220d8	BLDC_Project_PDM_BLDC.elf
Finished building: BLDC_Project_PDM_BLDC.siz
 
15:50:00 **** Incremental Build of configuration GEELY_FC4150F1M_BLDC for project BLDC_Project ****
"D:\\Project\\all_IDE\\Flagchip_FC_IDE_4.2.1\\Flagchip_FC_IDE_4.2.1\\cmd\\make" -j16 all 
Invoking: GNU Arm Cross Print Size
arm-none-eabi-size --format=berkeley "BLDC_Project_PDM_BLDC.elf"
   text	   data	    bss	    dec	    hex	filename
  65716	   3272	  70492	 139480	  220d8	BLDC_Project_PDM_BLDC.elf
Finished building: BLDC_Project_PDM_BLDC.siz
 
15:55:14 **** Incremental Build of configuration GEELY_FC4150F1M_BLDC for project BLDC_Project ****
"D:\\Project\\all_IDE\\Flagchip_FC_IDE_4.2.1\\Flagchip_FC_IDE_4.2.1\\cmd\\make" -j16 all 
Building file: ../RTE/AllTask.c
Invoking: GNU Arm Cross C Compiler
arm-none-eabi-gcc -mcpu=cortex-m4 -mthumb -mfloat-abi=hard -mfpu=fpv4-sp-d16 -O1 -fmessage-length=0 -fsigned-char -ffunction-sections -fdata-sections -ffreestanding -fno-move-loop-invariants -Wunused -Wuninitialized -Wall -Wextra -Wmissing-declarations -Wconversion -Wpointer-arith -Wshadow -Wlogical-op -Wfloat-equal  -g3 -DDEBUG -DECU_ADDRESS_PDM_FL -DTRACE -DSTART_FROM_FLASH -DMCU_FC4150_512K=1 -DMCU_FC4150_2M=2 -DMCU_FC4150_1M_A=3 -DMCU_FC4150_1M_B=4 -DMCU_FC4150_1M_S=5 -DDEVICE_TYPE=MCU_FC4150_1M_B -DECU_ADDRESS_BLDC -DIMU_SPI_COMM -I"D:\Project\all_Project\BLDC\SVN\trunk\BLDC_Project\BSW\CDD\MEMS\Inc" -I"D:\Project\all_Project\BLDC\SVN\trunk\BLDC_Project\ASW" -I"D:\Project\all_Project\BLDC\SVN\trunk\BLDC_Project\BSW\NvM\Include" -I"D:\Project\all_Project\BLDC\SVN\trunk\BLDC_Project\BSW\CompatibleInfo" -I"D:\Project\all_Project\BLDC\SVN\trunk\BLDC_Project\BSW\MCAL\Device" -I"D:\Project\all_Project\BLDC\SVN\trunk\BLDC_Project\BSW\MCAL\Device\Arm\CMSIS5_590\Core\Include" -I"D:\Project\all_Project\BLDC\SVN\trunk\BLDC_Project\BSW\MCAL\Device\Arm\CMSIS5_590\DSP\Include" -I"D:\Project\all_Project\BLDC\SVN\trunk\BLDC_Project\BSW\MCAL\Device\Arm\CMSIS5_590\DSP\PrivateInclude" -I"D:\Project\all_Project\BLDC\SVN\trunk\BLDC_Project\BSW\MCAL\Driver\Include" -I"D:\Project\all_Project\BLDC\SVN\trunk\BLDC_Project\BSW\MCAL\HwA\Include" -I"D:\Project\all_Project\BLDC\SVN\trunk\BLDC_Project\BSW\MCAL\Startup" -I"D:\Project\all_Project\BLDC\SVN\trunk\BLDC_Project\BSW\MCAL\BSP\Inc" -I"D:\Project\all_Project\BLDC\SVN\trunk\BLDC_Project\BSW\CDD\SBC\Inc" -I"D:\Project\all_Project\BLDC\SVN\trunk\BLDC_Project\BSW\ECAL\IoHwAb\Inc" -I"D:\Project\all_Project\BLDC\SVN\trunk\BLDC_Project\BSW\OS\FreeRTOS\Include" -I"D:\Project\all_Project\BLDC\SVN\trunk\BLDC_Project\BSW\OS\FreeRTOS\Sources\portable\GCC\ARM_CM4F" -I"D:\Project\all_Project\BLDC\SVN\trunk\BLDC_Project\BSW\AlgorithmLib" -I"D:\Project\all_Project\BLDC\SVN\trunk\BLDC_Project\BSW\Com\Include" -I"D:\Project\all_Project\BLDC\SVN\trunk\BLDC_Project\RTE" -I"D:\Project\all_Project\BLDC\SVN\trunk\BLDC_Project\BSW\Pdu\Include" -I"D:\Project\all_Project\BLDC\SVN\trunk\BLDC_Project\BSW\XCP" -I"D:\Project\all_Project\BLDC\SVN\trunk\BLDC_Project\BSW\Can_Hw\Inc" -I"D:\Project\all_Project\BLDC\SVN\trunk\BLDC_Project\BSW\MCAL\Device\Arm\cm4" -I"D:\Project\all_Project\BLDC\SVN\trunk\BLDC_Project\BSW\OS\SysView\Config" -I"D:\Project\all_Project\BLDC\SVN\trunk\BLDC_Project\BSW\OS\SysView\Sample\FreeRTOSV10.4" -I"D:\Project\all_Project\BLDC\SVN\trunk\BLDC_Project\BSW\OS\SysView\SEGGER" -I"D:\Project\all_Project\BLDC\SVN\trunk\BLDC_Project\BSW\CDD\MotorDriver\MPQ6533\Inc" -I"D:\Project\all_Project\BLDC\SVN\trunk\BLDC_Project\BSW\CDD\MotorDriver\motor_lib" -std=gnu11 -MMD -MP -MF"RTE/AllTask.d" -MT"RTE/AllTask.o" -c -o "RTE/AllTask.o" "../RTE/AllTask.c"
../RTE/AllTask.c: In function 'ASWTask_100ms':
../RTE/AllTask.c:382:20: warning: unused variable 'ui8NvmWriteCnt' [-Wunused-variable]
  382 |     static uint8_t ui8NvmWriteCnt = 1u;
      |                    ^~~~~~~~~~~~~~
At top level:
../RTE/AllTask.c:382:20: warning: 'ui8NvmWriteCnt' defined but not used [-Wunused-variable]
../RTE/AllTask.c:360:13: warning: 'ASWTask_10ms' defined but not used [-Wunused-function]
  360 | static void ASWTask_10ms( void *pvParameters )
      |             ^~~~~~~~~~~~
../RTE/AllTask.c:205:13: warning: 'BSWTask_2ms' defined but not used [-Wunused-function]
  205 | static void BSWTask_2ms( void *pvParameters )
      |             ^~~~~~~~~~~
Finished building: ../RTE/AllTask.c
 
Building target: BLDC_Project_PDM_BLDC.elf
Invoking: GNU Arm Cross C++ Linker
arm-none-eabi-g++ -mcpu=cortex-m4 -mthumb -mfloat-abi=hard -mfpu=fpv4-sp-d16 -O1 -fmessage-length=0 -fsigned-char -ffunction-sections -fdata-sections -ffreestanding -fno-move-loop-invariants -Wunused -Wuninitialized -Wall -Wextra -Wmissing-declarations -Wconversion -Wpointer-arith -Wshadow -Wlogical-op -Wfloat-equal  -g3 -T "D:\Project\all_Project\BLDC\SVN\trunk\BLDC_Project\BSW\MCAL\Startup\FC4150_1M_B_flash.ld" -nostartfiles -Xlinker --gc-sections -L"D:\Project\all_Project\BLDC\SVN\trunk\BLDC_Project\BSW\MCAL\Startup" -L"D:\Project\all_Project\BLDC\SVN\trunk\BLDC_Project\BSW\MCAL\_gcc_lib" -Xlinker --print-memory-usage -Wl,-Map,"BLDC_Project_PDM_BLDC.map" --specs=nosys.specs -Xlinker --print-memory-usage -o "BLDC_Project_PDM_BLDC.elf"  ./RTE/AllTask.o ./RTE/rte.o  ./BSW/XCP/XcpBasic.o ./BSW/XCP/_xcp_appl.o ./BSW/XCP/xcp_par.o  ./BSW/Pdu/Source/Pdu.o ./BSW/Pdu/Source/Pdu_cfg.o  ./BSW/OS/SysView/Sample/FreeRTOSV10.4/Config/Cortex-M/SEGGER_SYSVIEW_Config_FreeRTOS.o  ./BSW/OS/SysView/Sample/FreeRTOSV10.4/SEGGER_SYSVIEW_FreeRTOS.o  ./BSW/OS/SysView/SEGGER/Syscalls/SEGGER_RTT_Syscalls_GCC.o ./BSW/OS/SysView/SEGGER/Syscalls/SEGGER_RTT_Syscalls_IAR.o ./BSW/OS/SysView/SEGGER/Syscalls/SEGGER_RTT_Syscalls_KEIL.o ./BSW/OS/SysView/SEGGER/Syscalls/SEGGER_RTT_Syscalls_SES.o  ./BSW/OS/SysView/SEGGER/SEGGER_RTT.o ./BSW/OS/SysView/SEGGER/SEGGER_RTT_ASM_ARMv7M.o ./BSW/OS/SysView/SEGGER/SEGGER_RTT_printf.o ./BSW/OS/SysView/SEGGER/SEGGER_SYSVIEW.o  ./BSW/OS/FreeRTOS/Sources/portable/MemMang/heap_4.o  ./BSW/OS/FreeRTOS/Sources/portable/GCC/ARM_CM4F/port.o  ./BSW/OS/FreeRTOS/Sources/croutine.o ./BSW/OS/FreeRTOS/Sources/event_groups.o ./BSW/OS/FreeRTOS/Sources/list.o ./BSW/OS/FreeRTOS/Sources/queue.o ./BSW/OS/FreeRTOS/Sources/stream_buffer.o ./BSW/OS/FreeRTOS/Sources/tasks.o ./BSW/OS/FreeRTOS/Sources/timers.o  ./BSW/NvM/Source/NvM.o ./BSW/NvM/Source/NvM_Cfg.o  ./BSW/MCAL/Startup/startup_FC4150.o ./BSW/MCAL/Startup/system_init.o  ./BSW/MCAL/Driver/Source/module_driver_adc.o ./BSW/MCAL/Driver/Source/module_driver_afcb.o ./BSW/MCAL/Driver/Source/module_driver_aontimer.o ./BSW/MCAL/Driver/Source/module_driver_cache.o ./BSW/MCAL/Driver/Source/module_driver_cmp.o ./BSW/MCAL/Driver/Source/module_driver_cmu.o ./BSW/MCAL/Driver/Source/module_driver_cordic.o ./BSW/MCAL/Driver/Source/module_driver_crc.o ./BSW/MCAL/Driver/Source/module_driver_dma.o ./BSW/MCAL/Driver/Source/module_driver_eim.o ./BSW/MCAL/Driver/Source/module_driver_enet.o ./BSW/MCAL/Driver/Source/module_driver_erm.o ./BSW/MCAL/Driver/Source/module_driver_farc.o ./BSW/MCAL/Driver/Source/module_driver_fciic.o ./BSW/MCAL/Driver/Source/module_driver_fcpit.o ./BSW/MCAL/Driver/Source/module_driver_fcspi.o ./BSW/MCAL/Driver/Source/module_driver_fcuart.o ./BSW/MCAL/Driver/Source/module_driver_flash.o ./BSW/MCAL/Driver/Source/module_driver_flexcan.o ./BSW/MCAL/Driver/Source/module_driver_freqm.o ./BSW/MCAL/Driver/Source/module_driver_ftu.o ./BSW/MCAL/Driver/Source/module_driver_fwm.o ./BSW/MCAL/Driver/Source/module_driver_gpio.o ./BSW/MCAL/Driver/Source/module_driver_i2s.o ./BSW/MCAL/Driver/Source/module_driver_intm.o ./BSW/MCAL/Driver/Source/module_driver_ism.o ./BSW/MCAL/Driver/Source/module_driver_lin.o ./BSW/MCAL/Driver/Source/module_driver_lu.o ./BSW/MCAL/Driver/Source/module_driver_map.o ./BSW/MCAL/Driver/Source/module_driver_mcm.o ./BSW/MCAL/Driver/Source/module_driver_mpu.o ./BSW/MCAL/Driver/Source/module_driver_ospi.o ./BSW/MCAL/Driver/Source/module_driver_pcc.o ./BSW/MCAL/Driver/Source/module_driver_pmc.o ./BSW/MCAL/Driver/Source/module_driver_port.o ./BSW/MCAL/Driver/Source/module_driver_ptimer.o ./BSW/MCAL/Driver/Source/module_driver_rcm.o ./BSW/MCAL/Driver/Source/module_driver_rtc.o ./BSW/MCAL/Driver/Source/module_driver_scg.o ./BSW/MCAL/Driver/Source/module_driver_scst.o ./BSW/MCAL/Driver/Source/module_driver_sec.o ./BSW/MCAL/Driver/Source/module_driver_smc.o ./BSW/MCAL/Driver/Source/module_driver_smisc.o ./BSW/MCAL/Driver/Source/module_driver_systick.o ./BSW/MCAL/Driver/Source/module_driver_trgsel.o ./BSW/MCAL/Driver/Source/module_driver_tstmp.o ./BSW/MCAL/Driver/Source/module_driver_wdog.o ./BSW/MCAL/Driver/Source/module_driver_wku.o  ./BSW/MCAL/Device/FC/fclib/fcfunc.o ./BSW/MCAL/Device/FC/fclib/fcmath.o  ./BSW/MCAL/Device/Arm/CMSIS5_590/DSP/cmsis_dsp.o  ./BSW/MCAL/BSP/Src/BspAdc.o ./BSW/MCAL/BSP/Src/BspAontimer.o ./BSW/MCAL/BSP/Src/BspCan.o ./BSW/MCAL/BSP/Src/BspClock.o ./BSW/MCAL/BSP/Src/BspDma.o ./BSW/MCAL/BSP/Src/BspFlash.o ./BSW/MCAL/BSP/Src/BspFtuCounter.o ./BSW/MCAL/BSP/Src/BspFtuHallCounter.o ./BSW/MCAL/BSP/Src/BspFtuIcu.o ./BSW/MCAL/BSP/Src/BspFtuPwm.o ./BSW/MCAL/BSP/Src/BspGpio.o ./BSW/MCAL/BSP/Src/BspIic.o ./BSW/MCAL/BSP/Src/BspInterrupt.o ./BSW/MCAL/BSP/Src/BspPtimer.o ./BSW/MCAL/BSP/Src/BspRtc.o ./BSW/MCAL/BSP/Src/BspSmc.o ./BSW/MCAL/BSP/Src/BspSpi.o ./BSW/MCAL/BSP/Src/BspWdg.o  ./BSW/ECAL/IoHwAb/Src/IoHwAb_Adc.o ./BSW/ECAL/IoHwAb/Src/IoHwAb_Counter.o ./BSW/ECAL/IoHwAb/Src/IoHwAb_Dio.o ./BSW/ECAL/IoHwAb/Src/IoHwAb_HallCounter.o ./BSW/ECAL/IoHwAb/Src/IoHwAb_Pwm.o  ./BSW/CompatibleInfo/CompatibleInfo.o  ./BSW/Com/Source/Com.o ./BSW/Com/Source/Com_cfg.o ./BSW/Com/Source/E2E.o  ./BSW/Can_Hw/Src/Can_Hw.o  ./BSW/CDD/SBC/Src/SBC.o ./BSW/CDD/SBC/Src/SBC_Cfg.o ./BSW/CDD/SBC/Src/SBC_Diag.o ./BSW/CDD/SBC/Src/SBC_Driver.o  ./BSW/CDD/MotorDriver/motor_lib/motor_adc.o ./BSW/CDD/MotorDriver/motor_lib/motor_api.o ./BSW/CDD/MotorDriver/motor_lib/motor_app.o ./BSW/CDD/MotorDriver/motor_lib/motor_arm_math.o ./BSW/CDD/MotorDriver/motor_lib/motor_current.o ./BSW/CDD/MotorDriver/motor_lib/motor_encoder.o ./BSW/CDD/MotorDriver/motor_lib/motor_estimator.o ./BSW/CDD/MotorDriver/motor_lib/motor_foc.o ./BSW/CDD/MotorDriver/motor_lib/motor_hall.o ./BSW/CDD/MotorDriver/motor_lib/motor_misc.o ./BSW/CDD/MotorDriver/motor_lib/motor_pid.o ./BSW/CDD/MotorDriver/motor_lib/motor_protect.o ./BSW/CDD/MotorDriver/motor_lib/motor_svpwm.o  ./BSW/CDD/MotorDriver/MPQ6533/Src/MotorControl.o ./BSW/CDD/MotorDriver/MPQ6533/Src/MotorDriver_Cfg.o ./BSW/CDD/MotorDriver/MPQ6533/Src/MotorDriver_Driver.o  ./BSW/CDD/MEMS/Src/IMU.o ./BSW/CDD/MEMS/Src/IMU_Cfg.o ./BSW/CDD/MEMS/Src/IMU_Diag.o ./BSW/CDD/MEMS/Src/IMU_Driver.o  ./BSW/AlgorithmLib/Math_Control_Lib.o  ./ASW/APP.o ./ASW/Spindle_Control.o ./ASW/main.o   -lHsmApi_1MB_Soft_fpu_gcc
Memory region         Used Size  Region Size  %age Used
           FLASH:       65716 B       704 KB      9.12%
           RAM_L:          6 KB        32 KB     18.75%
           RAM_U:       67612 B        96 KB     68.78%
Finished building target: BLDC_Project_PDM_BLDC.elf
 
Invoking: GNU Arm Cross Create Flash Image
arm-none-eabi-objcopy -O ihex "BLDC_Project_PDM_BLDC.elf"  "BLDC_Project_PDM_BLDC.hex"
Invoking: GNU Arm Cross Print Size
arm-none-eabi-size --format=berkeley "BLDC_Project_PDM_BLDC.elf"
   text	   data	    bss	    dec	    hex	filename
  65716	   3264	  70492	 139472	  220d0	BLDC_Project_PDM_BLDC.elf
Finished building: BLDC_Project_PDM_BLDC.siz
Finished building: BLDC_Project_PDM_BLDC.hex
 
 
16:38:47 **** Incremental Build of configuration GEELY_FC4150F1M_BLDC for project BLDC_Project ****
"D:\\Project\\all_IDE\\Flagchip_FC_IDE_4.2.1\\Flagchip_FC_IDE_4.2.1\\cmd\\make" -j16 all 
Building file: ../BSW/CDD/MotorDriver/motor_lib/motor_foc.c
Invoking: GNU Arm Cross C Compiler
arm-none-eabi-gcc -mcpu=cortex-m4 -mthumb -mfloat-abi=hard -mfpu=fpv4-sp-d16 -O1 -fmessage-length=0 -fsigned-char -ffunction-sections -fdata-sections -ffreestanding -fno-move-loop-invariants -Wunused -Wuninitialized -Wall -Wextra -Wmissing-declarations -Wconversion -Wpointer-arith -Wshadow -Wlogical-op -Wfloat-equal  -g3 -DDEBUG -DECU_ADDRESS_PDM_FL -DTRACE -DSTART_FROM_FLASH -DMCU_FC4150_512K=1 -DMCU_FC4150_2M=2 -DMCU_FC4150_1M_A=3 -DMCU_FC4150_1M_B=4 -DMCU_FC4150_1M_S=5 -DDEVICE_TYPE=MCU_FC4150_1M_B -DECU_ADDRESS_BLDC -DIMU_SPI_COMM -I"D:\Project\all_Project\BLDC\SVN\trunk\BLDC_Project\BSW\CDD\MEMS\Inc" -I"D:\Project\all_Project\BLDC\SVN\trunk\BLDC_Project\ASW" -I"D:\Project\all_Project\BLDC\SVN\trunk\BLDC_Project\BSW\NvM\Include" -I"D:\Project\all_Project\BLDC\SVN\trunk\BLDC_Project\BSW\CompatibleInfo" -I"D:\Project\all_Project\BLDC\SVN\trunk\BLDC_Project\BSW\MCAL\Device" -I"D:\Project\all_Project\BLDC\SVN\trunk\BLDC_Project\BSW\MCAL\Device\Arm\CMSIS5_590\Core\Include" -I"D:\Project\all_Project\BLDC\SVN\trunk\BLDC_Project\BSW\MCAL\Device\Arm\CMSIS5_590\DSP\Include" -I"D:\Project\all_Project\BLDC\SVN\trunk\BLDC_Project\BSW\MCAL\Device\Arm\CMSIS5_590\DSP\PrivateInclude" -I"D:\Project\all_Project\BLDC\SVN\trunk\BLDC_Project\BSW\MCAL\Driver\Include" -I"D:\Project\all_Project\BLDC\SVN\trunk\BLDC_Project\BSW\MCAL\HwA\Include" -I"D:\Project\all_Project\BLDC\SVN\trunk\BLDC_Project\BSW\MCAL\Startup" -I"D:\Project\all_Project\BLDC\SVN\trunk\BLDC_Project\BSW\MCAL\BSP\Inc" -I"D:\Project\all_Project\BLDC\SVN\trunk\BLDC_Project\BSW\CDD\SBC\Inc" -I"D:\Project\all_Project\BLDC\SVN\trunk\BLDC_Project\BSW\ECAL\IoHwAb\Inc" -I"D:\Project\all_Project\BLDC\SVN\trunk\BLDC_Project\BSW\OS\FreeRTOS\Include" -I"D:\Project\all_Project\BLDC\SVN\trunk\BLDC_Project\BSW\OS\FreeRTOS\Sources\portable\GCC\ARM_CM4F" -I"D:\Project\all_Project\BLDC\SVN\trunk\BLDC_Project\BSW\AlgorithmLib" -I"D:\Project\all_Project\BLDC\SVN\trunk\BLDC_Project\BSW\Com\Include" -I"D:\Project\all_Project\BLDC\SVN\trunk\BLDC_Project\RTE" -I"D:\Project\all_Project\BLDC\SVN\trunk\BLDC_Project\BSW\Pdu\Include" -I"D:\Project\all_Project\BLDC\SVN\trunk\BLDC_Project\BSW\XCP" -I"D:\Project\all_Project\BLDC\SVN\trunk\BLDC_Project\BSW\Can_Hw\Inc" -I"D:\Project\all_Project\BLDC\SVN\trunk\BLDC_Project\BSW\MCAL\Device\Arm\cm4" -I"D:\Project\all_Project\BLDC\SVN\trunk\BLDC_Project\BSW\OS\SysView\Config" -I"D:\Project\all_Project\BLDC\SVN\trunk\BLDC_Project\BSW\OS\SysView\Sample\FreeRTOSV10.4" -I"D:\Project\all_Project\BLDC\SVN\trunk\BLDC_Project\BSW\OS\SysView\SEGGER" -I"D:\Project\all_Project\BLDC\SVN\trunk\BLDC_Project\BSW\CDD\MotorDriver\MPQ6533\Inc" -I"D:\Project\all_Project\BLDC\SVN\trunk\BLDC_Project\BSW\CDD\MotorDriver\motor_lib" -std=gnu11 -MMD -MP -MF"BSW/CDD/MotorDriver/motor_lib/motor_foc.d" -MT"BSW/CDD/MotorDriver/motor_lib/motor_foc.o" -c -o "BSW/CDD/MotorDriver/motor_lib/motor_foc.o" "../BSW/CDD/MotorDriver/motor_lib/motor_foc.c"
Finished building: ../BSW/CDD/MotorDriver/motor_lib/motor_foc.c
 
Building target: BLDC_Project_PDM_BLDC.elf
Invoking: GNU Arm Cross C++ Linker
arm-none-eabi-g++ -mcpu=cortex-m4 -mthumb -mfloat-abi=hard -mfpu=fpv4-sp-d16 -O1 -fmessage-length=0 -fsigned-char -ffunction-sections -fdata-sections -ffreestanding -fno-move-loop-invariants -Wunused -Wuninitialized -Wall -Wextra -Wmissing-declarations -Wconversion -Wpointer-arith -Wshadow -Wlogical-op -Wfloat-equal  -g3 -T "D:\Project\all_Project\BLDC\SVN\trunk\BLDC_Project\BSW\MCAL\Startup\FC4150_1M_B_flash.ld" -nostartfiles -Xlinker --gc-sections -L"D:\Project\all_Project\BLDC\SVN\trunk\BLDC_Project\BSW\MCAL\Startup" -L"D:\Project\all_Project\BLDC\SVN\trunk\BLDC_Project\BSW\MCAL\_gcc_lib" -Xlinker --print-memory-usage -Wl,-Map,"BLDC_Project_PDM_BLDC.map" --specs=nosys.specs -Xlinker --print-memory-usage -o "BLDC_Project_PDM_BLDC.elf"  ./RTE/AllTask.o ./RTE/rte.o  ./BSW/XCP/XcpBasic.o ./BSW/XCP/_xcp_appl.o ./BSW/XCP/xcp_par.o  ./BSW/Pdu/Source/Pdu.o ./BSW/Pdu/Source/Pdu_cfg.o  ./BSW/OS/SysView/Sample/FreeRTOSV10.4/Config/Cortex-M/SEGGER_SYSVIEW_Config_FreeRTOS.o  ./BSW/OS/SysView/Sample/FreeRTOSV10.4/SEGGER_SYSVIEW_FreeRTOS.o  ./BSW/OS/SysView/SEGGER/Syscalls/SEGGER_RTT_Syscalls_GCC.o ./BSW/OS/SysView/SEGGER/Syscalls/SEGGER_RTT_Syscalls_IAR.o ./BSW/OS/SysView/SEGGER/Syscalls/SEGGER_RTT_Syscalls_KEIL.o ./BSW/OS/SysView/SEGGER/Syscalls/SEGGER_RTT_Syscalls_SES.o  ./BSW/OS/SysView/SEGGER/SEGGER_RTT.o ./BSW/OS/SysView/SEGGER/SEGGER_RTT_ASM_ARMv7M.o ./BSW/OS/SysView/SEGGER/SEGGER_RTT_printf.o ./BSW/OS/SysView/SEGGER/SEGGER_SYSVIEW.o  ./BSW/OS/FreeRTOS/Sources/portable/MemMang/heap_4.o  ./BSW/OS/FreeRTOS/Sources/portable/GCC/ARM_CM4F/port.o  ./BSW/OS/FreeRTOS/Sources/croutine.o ./BSW/OS/FreeRTOS/Sources/event_groups.o ./BSW/OS/FreeRTOS/Sources/list.o ./BSW/OS/FreeRTOS/Sources/queue.o ./BSW/OS/FreeRTOS/Sources/stream_buffer.o ./BSW/OS/FreeRTOS/Sources/tasks.o ./BSW/OS/FreeRTOS/Sources/timers.o  ./BSW/NvM/Source/NvM.o ./BSW/NvM/Source/NvM_Cfg.o  ./BSW/MCAL/Startup/startup_FC4150.o ./BSW/MCAL/Startup/system_init.o  ./BSW/MCAL/Driver/Source/module_driver_adc.o ./BSW/MCAL/Driver/Source/module_driver_afcb.o ./BSW/MCAL/Driver/Source/module_driver_aontimer.o ./BSW/MCAL/Driver/Source/module_driver_cache.o ./BSW/MCAL/Driver/Source/module_driver_cmp.o ./BSW/MCAL/Driver/Source/module_driver_cmu.o ./BSW/MCAL/Driver/Source/module_driver_cordic.o ./BSW/MCAL/Driver/Source/module_driver_crc.o ./BSW/MCAL/Driver/Source/module_driver_dma.o ./BSW/MCAL/Driver/Source/module_driver_eim.o ./BSW/MCAL/Driver/Source/module_driver_enet.o ./BSW/MCAL/Driver/Source/module_driver_erm.o ./BSW/MCAL/Driver/Source/module_driver_farc.o ./BSW/MCAL/Driver/Source/module_driver_fciic.o ./BSW/MCAL/Driver/Source/module_driver_fcpit.o ./BSW/MCAL/Driver/Source/module_driver_fcspi.o ./BSW/MCAL/Driver/Source/module_driver_fcuart.o ./BSW/MCAL/Driver/Source/module_driver_flash.o ./BSW/MCAL/Driver/Source/module_driver_flexcan.o ./BSW/MCAL/Driver/Source/module_driver_freqm.o ./BSW/MCAL/Driver/Source/module_driver_ftu.o ./BSW/MCAL/Driver/Source/module_driver_fwm.o ./BSW/MCAL/Driver/Source/module_driver_gpio.o ./BSW/MCAL/Driver/Source/module_driver_i2s.o ./BSW/MCAL/Driver/Source/module_driver_intm.o ./BSW/MCAL/Driver/Source/module_driver_ism.o ./BSW/MCAL/Driver/Source/module_driver_lin.o ./BSW/MCAL/Driver/Source/module_driver_lu.o ./BSW/MCAL/Driver/Source/module_driver_map.o ./BSW/MCAL/Driver/Source/module_driver_mcm.o ./BSW/MCAL/Driver/Source/module_driver_mpu.o ./BSW/MCAL/Driver/Source/module_driver_ospi.o ./BSW/MCAL/Driver/Source/module_driver_pcc.o ./BSW/MCAL/Driver/Source/module_driver_pmc.o ./BSW/MCAL/Driver/Source/module_driver_port.o ./BSW/MCAL/Driver/Source/module_driver_ptimer.o ./BSW/MCAL/Driver/Source/module_driver_rcm.o ./BSW/MCAL/Driver/Source/module_driver_rtc.o ./BSW/MCAL/Driver/Source/module_driver_scg.o ./BSW/MCAL/Driver/Source/module_driver_scst.o ./BSW/MCAL/Driver/Source/module_driver_sec.o ./BSW/MCAL/Driver/Source/module_driver_smc.o ./BSW/MCAL/Driver/Source/module_driver_smisc.o ./BSW/MCAL/Driver/Source/module_driver_systick.o ./BSW/MCAL/Driver/Source/module_driver_trgsel.o ./BSW/MCAL/Driver/Source/module_driver_tstmp.o ./BSW/MCAL/Driver/Source/module_driver_wdog.o ./BSW/MCAL/Driver/Source/module_driver_wku.o  ./BSW/MCAL/Device/FC/fclib/fcfunc.o ./BSW/MCAL/Device/FC/fclib/fcmath.o  ./BSW/MCAL/Device/Arm/CMSIS5_590/DSP/cmsis_dsp.o  ./BSW/MCAL/BSP/Src/BspAdc.o ./BSW/MCAL/BSP/Src/BspAontimer.o ./BSW/MCAL/BSP/Src/BspCan.o ./BSW/MCAL/BSP/Src/BspClock.o ./BSW/MCAL/BSP/Src/BspDma.o ./BSW/MCAL/BSP/Src/BspFlash.o ./BSW/MCAL/BSP/Src/BspFtuCounter.o ./BSW/MCAL/BSP/Src/BspFtuHallCounter.o ./BSW/MCAL/BSP/Src/BspFtuIcu.o ./BSW/MCAL/BSP/Src/BspFtuPwm.o ./BSW/MCAL/BSP/Src/BspGpio.o ./BSW/MCAL/BSP/Src/BspIic.o ./BSW/MCAL/BSP/Src/BspInterrupt.o ./BSW/MCAL/BSP/Src/BspPtimer.o ./BSW/MCAL/BSP/Src/BspRtc.o ./BSW/MCAL/BSP/Src/BspSmc.o ./BSW/MCAL/BSP/Src/BspSpi.o ./BSW/MCAL/BSP/Src/BspWdg.o  ./BSW/ECAL/IoHwAb/Src/IoHwAb_Adc.o ./BSW/ECAL/IoHwAb/Src/IoHwAb_Counter.o ./BSW/ECAL/IoHwAb/Src/IoHwAb_Dio.o ./BSW/ECAL/IoHwAb/Src/IoHwAb_HallCounter.o ./BSW/ECAL/IoHwAb/Src/IoHwAb_Pwm.o  ./BSW/CompatibleInfo/CompatibleInfo.o  ./BSW/Com/Source/Com.o ./BSW/Com/Source/Com_cfg.o ./BSW/Com/Source/E2E.o  ./BSW/Can_Hw/Src/Can_Hw.o  ./BSW/CDD/SBC/Src/SBC.o ./BSW/CDD/SBC/Src/SBC_Cfg.o ./BSW/CDD/SBC/Src/SBC_Diag.o ./BSW/CDD/SBC/Src/SBC_Driver.o  ./BSW/CDD/MotorDriver/motor_lib/motor_adc.o ./BSW/CDD/MotorDriver/motor_lib/motor_api.o ./BSW/CDD/MotorDriver/motor_lib/motor_app.o ./BSW/CDD/MotorDriver/motor_lib/motor_arm_math.o ./BSW/CDD/MotorDriver/motor_lib/motor_current.o ./BSW/CDD/MotorDriver/motor_lib/motor_encoder.o ./BSW/CDD/MotorDriver/motor_lib/motor_estimator.o ./BSW/CDD/MotorDriver/motor_lib/motor_foc.o ./BSW/CDD/MotorDriver/motor_lib/motor_hall.o ./BSW/CDD/MotorDriver/motor_lib/motor_misc.o ./BSW/CDD/MotorDriver/motor_lib/motor_pid.o ./BSW/CDD/MotorDriver/motor_lib/motor_protect.o ./BSW/CDD/MotorDriver/motor_lib/motor_svpwm.o  ./BSW/CDD/MotorDriver/MPQ6533/Src/MotorControl.o ./BSW/CDD/MotorDriver/MPQ6533/Src/MotorDriver_Cfg.o ./BSW/CDD/MotorDriver/MPQ6533/Src/MotorDriver_Driver.o  ./BSW/CDD/MEMS/Src/IMU.o ./BSW/CDD/MEMS/Src/IMU_Cfg.o ./BSW/CDD/MEMS/Src/IMU_Diag.o ./BSW/CDD/MEMS/Src/IMU_Driver.o  ./BSW/AlgorithmLib/Math_Control_Lib.o  ./ASW/APP.o ./ASW/Spindle_Control.o ./ASW/main.o   -lHsmApi_1MB_Soft_fpu_gcc
Memory region         Used Size  Region Size  %age Used
           FLASH:       65924 B       704 KB      9.14%
           RAM_L:          6 KB        32 KB     18.75%
           RAM_U:       67612 B        96 KB     68.78%
Finished building target: BLDC_Project_PDM_BLDC.elf
 
Invoking: GNU Arm Cross Create Flash Image
arm-none-eabi-objcopy -O ihex "BLDC_Project_PDM_BLDC.elf"  "BLDC_Project_PDM_BLDC.hex"
Invoking: GNU Arm Cross Print Size
arm-none-eabi-size --format=berkeley "BLDC_Project_PDM_BLDC.elf"
   text	   data	    bss	    dec	    hex	filename
  65924	   3264	  70492	 139680	  221a0	BLDC_Project_PDM_BLDC.elf
Finished building: BLDC_Project_PDM_BLDC.siz
Finished building: BLDC_Project_PDM_BLDC.hex
 
 
16:39:25 **** Incremental Build of configuration GEELY_FC4150F1M_BLDC for project BLDC_Project ****
"D:\\Project\\all_IDE\\Flagchip_FC_IDE_4.2.1\\Flagchip_FC_IDE_4.2.1\\cmd\\make" -j16 all 
Building file: ../RTE/AllTask.c
Invoking: GNU Arm Cross C Compiler
arm-none-eabi-gcc -mcpu=cortex-m4 -mthumb -mfloat-abi=hard -mfpu=fpv4-sp-d16 -O1 -fmessage-length=0 -fsigned-char -ffunction-sections -fdata-sections -ffreestanding -fno-move-loop-invariants -Wunused -Wuninitialized -Wall -Wextra -Wmissing-declarations -Wconversion -Wpointer-arith -Wshadow -Wlogical-op -Wfloat-equal  -g3 -DDEBUG -DECU_ADDRESS_PDM_FL -DTRACE -DSTART_FROM_FLASH -DMCU_FC4150_512K=1 -DMCU_FC4150_2M=2 -DMCU_FC4150_1M_A=3 -DMCU_FC4150_1M_B=4 -DMCU_FC4150_1M_S=5 -DDEVICE_TYPE=MCU_FC4150_1M_B -DECU_ADDRESS_BLDC -DIMU_SPI_COMM -I"D:\Project\all_Project\BLDC\SVN\trunk\BLDC_Project\BSW\CDD\MEMS\Inc" -I"D:\Project\all_Project\BLDC\SVN\trunk\BLDC_Project\ASW" -I"D:\Project\all_Project\BLDC\SVN\trunk\BLDC_Project\BSW\NvM\Include" -I"D:\Project\all_Project\BLDC\SVN\trunk\BLDC_Project\BSW\CompatibleInfo" -I"D:\Project\all_Project\BLDC\SVN\trunk\BLDC_Project\BSW\MCAL\Device" -I"D:\Project\all_Project\BLDC\SVN\trunk\BLDC_Project\BSW\MCAL\Device\Arm\CMSIS5_590\Core\Include" -I"D:\Project\all_Project\BLDC\SVN\trunk\BLDC_Project\BSW\MCAL\Device\Arm\CMSIS5_590\DSP\Include" -I"D:\Project\all_Project\BLDC\SVN\trunk\BLDC_Project\BSW\MCAL\Device\Arm\CMSIS5_590\DSP\PrivateInclude" -I"D:\Project\all_Project\BLDC\SVN\trunk\BLDC_Project\BSW\MCAL\Driver\Include" -I"D:\Project\all_Project\BLDC\SVN\trunk\BLDC_Project\BSW\MCAL\HwA\Include" -I"D:\Project\all_Project\BLDC\SVN\trunk\BLDC_Project\BSW\MCAL\Startup" -I"D:\Project\all_Project\BLDC\SVN\trunk\BLDC_Project\BSW\MCAL\BSP\Inc" -I"D:\Project\all_Project\BLDC\SVN\trunk\BLDC_Project\BSW\CDD\SBC\Inc" -I"D:\Project\all_Project\BLDC\SVN\trunk\BLDC_Project\BSW\ECAL\IoHwAb\Inc" -I"D:\Project\all_Project\BLDC\SVN\trunk\BLDC_Project\BSW\OS\FreeRTOS\Include" -I"D:\Project\all_Project\BLDC\SVN\trunk\BLDC_Project\BSW\OS\FreeRTOS\Sources\portable\GCC\ARM_CM4F" -I"D:\Project\all_Project\BLDC\SVN\trunk\BLDC_Project\BSW\AlgorithmLib" -I"D:\Project\all_Project\BLDC\SVN\trunk\BLDC_Project\BSW\Com\Include" -I"D:\Project\all_Project\BLDC\SVN\trunk\BLDC_Project\RTE" -I"D:\Project\all_Project\BLDC\SVN\trunk\BLDC_Project\BSW\Pdu\Include" -I"D:\Project\all_Project\BLDC\SVN\trunk\BLDC_Project\BSW\XCP" -I"D:\Project\all_Project\BLDC\SVN\trunk\BLDC_Project\BSW\Can_Hw\Inc" -I"D:\Project\all_Project\BLDC\SVN\trunk\BLDC_Project\BSW\MCAL\Device\Arm\cm4" -I"D:\Project\all_Project\BLDC\SVN\trunk\BLDC_Project\BSW\OS\SysView\Config" -I"D:\Project\all_Project\BLDC\SVN\trunk\BLDC_Project\BSW\OS\SysView\Sample\FreeRTOSV10.4" -I"D:\Project\all_Project\BLDC\SVN\trunk\BLDC_Project\BSW\OS\SysView\SEGGER" -I"D:\Project\all_Project\BLDC\SVN\trunk\BLDC_Project\BSW\CDD\MotorDriver\MPQ6533\Inc" -I"D:\Project\all_Project\BLDC\SVN\trunk\BLDC_Project\BSW\CDD\MotorDriver\motor_lib" -std=gnu11 -MMD -MP -MF"RTE/AllTask.d" -MT"RTE/AllTask.o" -c -o "RTE/AllTask.o" "../RTE/AllTask.c"
../RTE/AllTask.c: In function 'ASWTask_100ms':
../RTE/AllTask.c:382:20: warning: unused variable 'ui8NvmWriteCnt' [-Wunused-variable]
  382 |     static uint8_t ui8NvmWriteCnt = 1u;
      |                    ^~~~~~~~~~~~~~
At top level:
../RTE/AllTask.c:382:20: warning: 'ui8NvmWriteCnt' defined but not used [-Wunused-variable]
../RTE/AllTask.c:360:13: warning: 'ASWTask_10ms' defined but not used [-Wunused-function]
  360 | static void ASWTask_10ms( void *pvParameters )
      |             ^~~~~~~~~~~~
../RTE/AllTask.c:205:13: warning: 'BSWTask_2ms' defined but not used [-Wunused-function]
  205 | static void BSWTask_2ms( void *pvParameters )
      |             ^~~~~~~~~~~
Finished building: ../RTE/AllTask.c
 
Building target: BLDC_Project_PDM_BLDC.elf
Invoking: GNU Arm Cross C++ Linker
arm-none-eabi-g++ -mcpu=cortex-m4 -mthumb -mfloat-abi=hard -mfpu=fpv4-sp-d16 -O1 -fmessage-length=0 -fsigned-char -ffunction-sections -fdata-sections -ffreestanding -fno-move-loop-invariants -Wunused -Wuninitialized -Wall -Wextra -Wmissing-declarations -Wconversion -Wpointer-arith -Wshadow -Wlogical-op -Wfloat-equal  -g3 -T "D:\Project\all_Project\BLDC\SVN\trunk\BLDC_Project\BSW\MCAL\Startup\FC4150_1M_B_flash.ld" -nostartfiles -Xlinker --gc-sections -L"D:\Project\all_Project\BLDC\SVN\trunk\BLDC_Project\BSW\MCAL\Startup" -L"D:\Project\all_Project\BLDC\SVN\trunk\BLDC_Project\BSW\MCAL\_gcc_lib" -Xlinker --print-memory-usage -Wl,-Map,"BLDC_Project_PDM_BLDC.map" --specs=nosys.specs -Xlinker --print-memory-usage -o "BLDC_Project_PDM_BLDC.elf"  ./RTE/AllTask.o ./RTE/rte.o  ./BSW/XCP/XcpBasic.o ./BSW/XCP/_xcp_appl.o ./BSW/XCP/xcp_par.o  ./BSW/Pdu/Source/Pdu.o ./BSW/Pdu/Source/Pdu_cfg.o  ./BSW/OS/SysView/Sample/FreeRTOSV10.4/Config/Cortex-M/SEGGER_SYSVIEW_Config_FreeRTOS.o  ./BSW/OS/SysView/Sample/FreeRTOSV10.4/SEGGER_SYSVIEW_FreeRTOS.o  ./BSW/OS/SysView/SEGGER/Syscalls/SEGGER_RTT_Syscalls_GCC.o ./BSW/OS/SysView/SEGGER/Syscalls/SEGGER_RTT_Syscalls_IAR.o ./BSW/OS/SysView/SEGGER/Syscalls/SEGGER_RTT_Syscalls_KEIL.o ./BSW/OS/SysView/SEGGER/Syscalls/SEGGER_RTT_Syscalls_SES.o  ./BSW/OS/SysView/SEGGER/SEGGER_RTT.o ./BSW/OS/SysView/SEGGER/SEGGER_RTT_ASM_ARMv7M.o ./BSW/OS/SysView/SEGGER/SEGGER_RTT_printf.o ./BSW/OS/SysView/SEGGER/SEGGER_SYSVIEW.o  ./BSW/OS/FreeRTOS/Sources/portable/MemMang/heap_4.o  ./BSW/OS/FreeRTOS/Sources/portable/GCC/ARM_CM4F/port.o  ./BSW/OS/FreeRTOS/Sources/croutine.o ./BSW/OS/FreeRTOS/Sources/event_groups.o ./BSW/OS/FreeRTOS/Sources/list.o ./BSW/OS/FreeRTOS/Sources/queue.o ./BSW/OS/FreeRTOS/Sources/stream_buffer.o ./BSW/OS/FreeRTOS/Sources/tasks.o ./BSW/OS/FreeRTOS/Sources/timers.o  ./BSW/NvM/Source/NvM.o ./BSW/NvM/Source/NvM_Cfg.o  ./BSW/MCAL/Startup/startup_FC4150.o ./BSW/MCAL/Startup/system_init.o  ./BSW/MCAL/Driver/Source/module_driver_adc.o ./BSW/MCAL/Driver/Source/module_driver_afcb.o ./BSW/MCAL/Driver/Source/module_driver_aontimer.o ./BSW/MCAL/Driver/Source/module_driver_cache.o ./BSW/MCAL/Driver/Source/module_driver_cmp.o ./BSW/MCAL/Driver/Source/module_driver_cmu.o ./BSW/MCAL/Driver/Source/module_driver_cordic.o ./BSW/MCAL/Driver/Source/module_driver_crc.o ./BSW/MCAL/Driver/Source/module_driver_dma.o ./BSW/MCAL/Driver/Source/module_driver_eim.o ./BSW/MCAL/Driver/Source/module_driver_enet.o ./BSW/MCAL/Driver/Source/module_driver_erm.o ./BSW/MCAL/Driver/Source/module_driver_farc.o ./BSW/MCAL/Driver/Source/module_driver_fciic.o ./BSW/MCAL/Driver/Source/module_driver_fcpit.o ./BSW/MCAL/Driver/Source/module_driver_fcspi.o ./BSW/MCAL/Driver/Source/module_driver_fcuart.o ./BSW/MCAL/Driver/Source/module_driver_flash.o ./BSW/MCAL/Driver/Source/module_driver_flexcan.o ./BSW/MCAL/Driver/Source/module_driver_freqm.o ./BSW/MCAL/Driver/Source/module_driver_ftu.o ./BSW/MCAL/Driver/Source/module_driver_fwm.o ./BSW/MCAL/Driver/Source/module_driver_gpio.o ./BSW/MCAL/Driver/Source/module_driver_i2s.o ./BSW/MCAL/Driver/Source/module_driver_intm.o ./BSW/MCAL/Driver/Source/module_driver_ism.o ./BSW/MCAL/Driver/Source/module_driver_lin.o ./BSW/MCAL/Driver/Source/module_driver_lu.o ./BSW/MCAL/Driver/Source/module_driver_map.o ./BSW/MCAL/Driver/Source/module_driver_mcm.o ./BSW/MCAL/Driver/Source/module_driver_mpu.o ./BSW/MCAL/Driver/Source/module_driver_ospi.o ./BSW/MCAL/Driver/Source/module_driver_pcc.o ./BSW/MCAL/Driver/Source/module_driver_pmc.o ./BSW/MCAL/Driver/Source/module_driver_port.o ./BSW/MCAL/Driver/Source/module_driver_ptimer.o ./BSW/MCAL/Driver/Source/module_driver_rcm.o ./BSW/MCAL/Driver/Source/module_driver_rtc.o ./BSW/MCAL/Driver/Source/module_driver_scg.o ./BSW/MCAL/Driver/Source/module_driver_scst.o ./BSW/MCAL/Driver/Source/module_driver_sec.o ./BSW/MCAL/Driver/Source/module_driver_smc.o ./BSW/MCAL/Driver/Source/module_driver_smisc.o ./BSW/MCAL/Driver/Source/module_driver_systick.o ./BSW/MCAL/Driver/Source/module_driver_trgsel.o ./BSW/MCAL/Driver/Source/module_driver_tstmp.o ./BSW/MCAL/Driver/Source/module_driver_wdog.o ./BSW/MCAL/Driver/Source/module_driver_wku.o  ./BSW/MCAL/Device/FC/fclib/fcfunc.o ./BSW/MCAL/Device/FC/fclib/fcmath.o  ./BSW/MCAL/Device/Arm/CMSIS5_590/DSP/cmsis_dsp.o  ./BSW/MCAL/BSP/Src/BspAdc.o ./BSW/MCAL/BSP/Src/BspAontimer.o ./BSW/MCAL/BSP/Src/BspCan.o ./BSW/MCAL/BSP/Src/BspClock.o ./BSW/MCAL/BSP/Src/BspDma.o ./BSW/MCAL/BSP/Src/BspFlash.o ./BSW/MCAL/BSP/Src/BspFtuCounter.o ./BSW/MCAL/BSP/Src/BspFtuHallCounter.o ./BSW/MCAL/BSP/Src/BspFtuIcu.o ./BSW/MCAL/BSP/Src/BspFtuPwm.o ./BSW/MCAL/BSP/Src/BspGpio.o ./BSW/MCAL/BSP/Src/BspIic.o ./BSW/MCAL/BSP/Src/BspInterrupt.o ./BSW/MCAL/BSP/Src/BspPtimer.o ./BSW/MCAL/BSP/Src/BspRtc.o ./BSW/MCAL/BSP/Src/BspSmc.o ./BSW/MCAL/BSP/Src/BspSpi.o ./BSW/MCAL/BSP/Src/BspWdg.o  ./BSW/ECAL/IoHwAb/Src/IoHwAb_Adc.o ./BSW/ECAL/IoHwAb/Src/IoHwAb_Counter.o ./BSW/ECAL/IoHwAb/Src/IoHwAb_Dio.o ./BSW/ECAL/IoHwAb/Src/IoHwAb_HallCounter.o ./BSW/ECAL/IoHwAb/Src/IoHwAb_Pwm.o  ./BSW/CompatibleInfo/CompatibleInfo.o  ./BSW/Com/Source/Com.o ./BSW/Com/Source/Com_cfg.o ./BSW/Com/Source/E2E.o  ./BSW/Can_Hw/Src/Can_Hw.o  ./BSW/CDD/SBC/Src/SBC.o ./BSW/CDD/SBC/Src/SBC_Cfg.o ./BSW/CDD/SBC/Src/SBC_Diag.o ./BSW/CDD/SBC/Src/SBC_Driver.o  ./BSW/CDD/MotorDriver/motor_lib/motor_adc.o ./BSW/CDD/MotorDriver/motor_lib/motor_api.o ./BSW/CDD/MotorDriver/motor_lib/motor_app.o ./BSW/CDD/MotorDriver/motor_lib/motor_arm_math.o ./BSW/CDD/MotorDriver/motor_lib/motor_current.o ./BSW/CDD/MotorDriver/motor_lib/motor_encoder.o ./BSW/CDD/MotorDriver/motor_lib/motor_estimator.o ./BSW/CDD/MotorDriver/motor_lib/motor_foc.o ./BSW/CDD/MotorDriver/motor_lib/motor_hall.o ./BSW/CDD/MotorDriver/motor_lib/motor_misc.o ./BSW/CDD/MotorDriver/motor_lib/motor_pid.o ./BSW/CDD/MotorDriver/motor_lib/motor_protect.o ./BSW/CDD/MotorDriver/motor_lib/motor_svpwm.o  ./BSW/CDD/MotorDriver/MPQ6533/Src/MotorControl.o ./BSW/CDD/MotorDriver/MPQ6533/Src/MotorDriver_Cfg.o ./BSW/CDD/MotorDriver/MPQ6533/Src/MotorDriver_Driver.o  ./BSW/CDD/MEMS/Src/IMU.o ./BSW/CDD/MEMS/Src/IMU_Cfg.o ./BSW/CDD/MEMS/Src/IMU_Diag.o ./BSW/CDD/MEMS/Src/IMU_Driver.o  ./BSW/AlgorithmLib/Math_Control_Lib.o  ./ASW/APP.o ./ASW/Spindle_Control.o ./ASW/main.o   -lHsmApi_1MB_Soft_fpu_gcc
Memory region         Used Size  Region Size  %age Used
           FLASH:       65924 B       704 KB      9.14%
           RAM_L:          6 KB        32 KB     18.75%
           RAM_U:       67612 B        96 KB     68.78%
Finished building target: BLDC_Project_PDM_BLDC.elf
 
Invoking: GNU Arm Cross Create Flash Image
arm-none-eabi-objcopy -O ihex "BLDC_Project_PDM_BLDC.elf"  "BLDC_Project_PDM_BLDC.hex"
Invoking: GNU Arm Cross Print Size
arm-none-eabi-size --format=berkeley "BLDC_Project_PDM_BLDC.elf"
   text	   data	    bss	    dec	    hex	filename
  65924	   3264	  70492	 139680	  221a0	BLDC_Project_PDM_BLDC.elf
Finished building: BLDC_Project_PDM_BLDC.siz
Finished building: BLDC_Project_PDM_BLDC.hex
 
 
16:39:56 **** Incremental Build of configuration GEELY_FC4150F1M_BLDC for project BLDC_Project ****
"D:\\Project\\all_IDE\\Flagchip_FC_IDE_4.2.1\\Flagchip_FC_IDE_4.2.1\\cmd\\make" -j16 all 
Building file: ../RTE/AllTask.c
Invoking: GNU Arm Cross C Compiler
arm-none-eabi-gcc -mcpu=cortex-m4 -mthumb -mfloat-abi=hard -mfpu=fpv4-sp-d16 -O1 -fmessage-length=0 -fsigned-char -ffunction-sections -fdata-sections -ffreestanding -fno-move-loop-invariants -Wunused -Wuninitialized -Wall -Wextra -Wmissing-declarations -Wconversion -Wpointer-arith -Wshadow -Wlogical-op -Wfloat-equal  -g3 -DDEBUG -DECU_ADDRESS_PDM_FL -DTRACE -DSTART_FROM_FLASH -DMCU_FC4150_512K=1 -DMCU_FC4150_2M=2 -DMCU_FC4150_1M_A=3 -DMCU_FC4150_1M_B=4 -DMCU_FC4150_1M_S=5 -DDEVICE_TYPE=MCU_FC4150_1M_B -DECU_ADDRESS_BLDC -DIMU_SPI_COMM -I"D:\Project\all_Project\BLDC\SVN\trunk\BLDC_Project\BSW\CDD\MEMS\Inc" -I"D:\Project\all_Project\BLDC\SVN\trunk\BLDC_Project\ASW" -I"D:\Project\all_Project\BLDC\SVN\trunk\BLDC_Project\BSW\NvM\Include" -I"D:\Project\all_Project\BLDC\SVN\trunk\BLDC_Project\BSW\CompatibleInfo" -I"D:\Project\all_Project\BLDC\SVN\trunk\BLDC_Project\BSW\MCAL\Device" -I"D:\Project\all_Project\BLDC\SVN\trunk\BLDC_Project\BSW\MCAL\Device\Arm\CMSIS5_590\Core\Include" -I"D:\Project\all_Project\BLDC\SVN\trunk\BLDC_Project\BSW\MCAL\Device\Arm\CMSIS5_590\DSP\Include" -I"D:\Project\all_Project\BLDC\SVN\trunk\BLDC_Project\BSW\MCAL\Device\Arm\CMSIS5_590\DSP\PrivateInclude" -I"D:\Project\all_Project\BLDC\SVN\trunk\BLDC_Project\BSW\MCAL\Driver\Include" -I"D:\Project\all_Project\BLDC\SVN\trunk\BLDC_Project\BSW\MCAL\HwA\Include" -I"D:\Project\all_Project\BLDC\SVN\trunk\BLDC_Project\BSW\MCAL\Startup" -I"D:\Project\all_Project\BLDC\SVN\trunk\BLDC_Project\BSW\MCAL\BSP\Inc" -I"D:\Project\all_Project\BLDC\SVN\trunk\BLDC_Project\BSW\CDD\SBC\Inc" -I"D:\Project\all_Project\BLDC\SVN\trunk\BLDC_Project\BSW\ECAL\IoHwAb\Inc" -I"D:\Project\all_Project\BLDC\SVN\trunk\BLDC_Project\BSW\OS\FreeRTOS\Include" -I"D:\Project\all_Project\BLDC\SVN\trunk\BLDC_Project\BSW\OS\FreeRTOS\Sources\portable\GCC\ARM_CM4F" -I"D:\Project\all_Project\BLDC\SVN\trunk\BLDC_Project\BSW\AlgorithmLib" -I"D:\Project\all_Project\BLDC\SVN\trunk\BLDC_Project\BSW\Com\Include" -I"D:\Project\all_Project\BLDC\SVN\trunk\BLDC_Project\RTE" -I"D:\Project\all_Project\BLDC\SVN\trunk\BLDC_Project\BSW\Pdu\Include" -I"D:\Project\all_Project\BLDC\SVN\trunk\BLDC_Project\BSW\XCP" -I"D:\Project\all_Project\BLDC\SVN\trunk\BLDC_Project\BSW\Can_Hw\Inc" -I"D:\Project\all_Project\BLDC\SVN\trunk\BLDC_Project\BSW\MCAL\Device\Arm\cm4" -I"D:\Project\all_Project\BLDC\SVN\trunk\BLDC_Project\BSW\OS\SysView\Config" -I"D:\Project\all_Project\BLDC\SVN\trunk\BLDC_Project\BSW\OS\SysView\Sample\FreeRTOSV10.4" -I"D:\Project\all_Project\BLDC\SVN\trunk\BLDC_Project\BSW\OS\SysView\SEGGER" -I"D:\Project\all_Project\BLDC\SVN\trunk\BLDC_Project\BSW\CDD\MotorDriver\MPQ6533\Inc" -I"D:\Project\all_Project\BLDC\SVN\trunk\BLDC_Project\BSW\CDD\MotorDriver\motor_lib" -std=gnu11 -MMD -MP -MF"RTE/AllTask.d" -MT"RTE/AllTask.o" -c -o "RTE/AllTask.o" "../RTE/AllTask.c"
../RTE/AllTask.c: In function 'ASWTask_100ms':
../RTE/AllTask.c:443:46: error: invalid suffix "f" on integer constant
  443 |                  MotorAPI_CurrentSetDQ(0.0f, 1f);
      |                                              ^~
../RTE/AllTask.c:382:20: warning: unused variable 'ui8NvmWriteCnt' [-Wunused-variable]
  382 |     static uint8_t ui8NvmWriteCnt = 1u;
      |                    ^~~~~~~~~~~~~~
At top level:
../RTE/AllTask.c:382:20: warning: 'ui8NvmWriteCnt' defined but not used [-Wunused-variable]
../RTE/AllTask.c:360:13: warning: 'ASWTask_10ms' defined but not used [-Wunused-function]
  360 | static void ASWTask_10ms( void *pvParameters )
      |             ^~~~~~~~~~~~
../RTE/AllTask.c:205:13: warning: 'BSWTask_2ms' defined but not used [-Wunused-function]
  205 | static void BSWTask_2ms( void *pvParameters )
      |             ^~~~~~~~~~~
RTE/subdir.mk:21: recipe for target 'RTE/AllTask.o' failed
make: *** [RTE/AllTask.o] Error 1
"D:/Project/all_IDE/Flagchip_FC_IDE_4.2.1/Flagchip_FC_IDE_4.2.1/cmd/make -j16 all" terminated with exit code 2. Build might be incomplete.
16:40:05 **** Incremental Build of configuration GEELY_FC4150F1M_BLDC for project BLDC_Project ****
"D:\\Project\\all_IDE\\Flagchip_FC_IDE_4.2.1\\Flagchip_FC_IDE_4.2.1\\cmd\\make" -j16 all 
Building file: ../RTE/AllTask.c
Invoking: GNU Arm Cross C Compiler
arm-none-eabi-gcc -mcpu=cortex-m4 -mthumb -mfloat-abi=hard -mfpu=fpv4-sp-d16 -O1 -fmessage-length=0 -fsigned-char -ffunction-sections -fdata-sections -ffreestanding -fno-move-loop-invariants -Wunused -Wuninitialized -Wall -Wextra -Wmissing-declarations -Wconversion -Wpointer-arith -Wshadow -Wlogical-op -Wfloat-equal  -g3 -DDEBUG -DECU_ADDRESS_PDM_FL -DTRACE -DSTART_FROM_FLASH -DMCU_FC4150_512K=1 -DMCU_FC4150_2M=2 -DMCU_FC4150_1M_A=3 -DMCU_FC4150_1M_B=4 -DMCU_FC4150_1M_S=5 -DDEVICE_TYPE=MCU_FC4150_1M_B -DECU_ADDRESS_BLDC -DIMU_SPI_COMM -I"D:\Project\all_Project\BLDC\SVN\trunk\BLDC_Project\BSW\CDD\MEMS\Inc" -I"D:\Project\all_Project\BLDC\SVN\trunk\BLDC_Project\ASW" -I"D:\Project\all_Project\BLDC\SVN\trunk\BLDC_Project\BSW\NvM\Include" -I"D:\Project\all_Project\BLDC\SVN\trunk\BLDC_Project\BSW\CompatibleInfo" -I"D:\Project\all_Project\BLDC\SVN\trunk\BLDC_Project\BSW\MCAL\Device" -I"D:\Project\all_Project\BLDC\SVN\trunk\BLDC_Project\BSW\MCAL\Device\Arm\CMSIS5_590\Core\Include" -I"D:\Project\all_Project\BLDC\SVN\trunk\BLDC_Project\BSW\MCAL\Device\Arm\CMSIS5_590\DSP\Include" -I"D:\Project\all_Project\BLDC\SVN\trunk\BLDC_Project\BSW\MCAL\Device\Arm\CMSIS5_590\DSP\PrivateInclude" -I"D:\Project\all_Project\BLDC\SVN\trunk\BLDC_Project\BSW\MCAL\Driver\Include" -I"D:\Project\all_Project\BLDC\SVN\trunk\BLDC_Project\BSW\MCAL\HwA\Include" -I"D:\Project\all_Project\BLDC\SVN\trunk\BLDC_Project\BSW\MCAL\Startup" -I"D:\Project\all_Project\BLDC\SVN\trunk\BLDC_Project\BSW\MCAL\BSP\Inc" -I"D:\Project\all_Project\BLDC\SVN\trunk\BLDC_Project\BSW\CDD\SBC\Inc" -I"D:\Project\all_Project\BLDC\SVN\trunk\BLDC_Project\BSW\ECAL\IoHwAb\Inc" -I"D:\Project\all_Project\BLDC\SVN\trunk\BLDC_Project\BSW\OS\FreeRTOS\Include" -I"D:\Project\all_Project\BLDC\SVN\trunk\BLDC_Project\BSW\OS\FreeRTOS\Sources\portable\GCC\ARM_CM4F" -I"D:\Project\all_Project\BLDC\SVN\trunk\BLDC_Project\BSW\AlgorithmLib" -I"D:\Project\all_Project\BLDC\SVN\trunk\BLDC_Project\BSW\Com\Include" -I"D:\Project\all_Project\BLDC\SVN\trunk\BLDC_Project\RTE" -I"D:\Project\all_Project\BLDC\SVN\trunk\BLDC_Project\BSW\Pdu\Include" -I"D:\Project\all_Project\BLDC\SVN\trunk\BLDC_Project\BSW\XCP" -I"D:\Project\all_Project\BLDC\SVN\trunk\BLDC_Project\BSW\Can_Hw\Inc" -I"D:\Project\all_Project\BLDC\SVN\trunk\BLDC_Project\BSW\MCAL\Device\Arm\cm4" -I"D:\Project\all_Project\BLDC\SVN\trunk\BLDC_Project\BSW\OS\SysView\Config" -I"D:\Project\all_Project\BLDC\SVN\trunk\BLDC_Project\BSW\OS\SysView\Sample\FreeRTOSV10.4" -I"D:\Project\all_Project\BLDC\SVN\trunk\BLDC_Project\BSW\OS\SysView\SEGGER" -I"D:\Project\all_Project\BLDC\SVN\trunk\BLDC_Project\BSW\CDD\MotorDriver\MPQ6533\Inc" -I"D:\Project\all_Project\BLDC\SVN\trunk\BLDC_Project\BSW\CDD\MotorDriver\motor_lib" -std=gnu11 -MMD -MP -MF"RTE/AllTask.d" -MT"RTE/AllTask.o" -c -o "RTE/AllTask.o" "../RTE/AllTask.c"
../RTE/AllTask.c: In function 'ASWTask_100ms':
../RTE/AllTask.c:382:20: warning: unused variable 'ui8NvmWriteCnt' [-Wunused-variable]
  382 |     static uint8_t ui8NvmWriteCnt = 1u;
      |                    ^~~~~~~~~~~~~~
At top level:
../RTE/AllTask.c:382:20: warning: 'ui8NvmWriteCnt' defined but not used [-Wunused-variable]
../RTE/AllTask.c:360:13: warning: 'ASWTask_10ms' defined but not used [-Wunused-function]
  360 | static void ASWTask_10ms( void *pvParameters )
      |             ^~~~~~~~~~~~
../RTE/AllTask.c:205:13: warning: 'BSWTask_2ms' defined but not used [-Wunused-function]
  205 | static void BSWTask_2ms( void *pvParameters )
      |             ^~~~~~~~~~~
Finished building: ../RTE/AllTask.c
 
Building target: BLDC_Project_PDM_BLDC.elf
Invoking: GNU Arm Cross C++ Linker
arm-none-eabi-g++ -mcpu=cortex-m4 -mthumb -mfloat-abi=hard -mfpu=fpv4-sp-d16 -O1 -fmessage-length=0 -fsigned-char -ffunction-sections -fdata-sections -ffreestanding -fno-move-loop-invariants -Wunused -Wuninitialized -Wall -Wextra -Wmissing-declarations -Wconversion -Wpointer-arith -Wshadow -Wlogical-op -Wfloat-equal  -g3 -T "D:\Project\all_Project\BLDC\SVN\trunk\BLDC_Project\BSW\MCAL\Startup\FC4150_1M_B_flash.ld" -nostartfiles -Xlinker --gc-sections -L"D:\Project\all_Project\BLDC\SVN\trunk\BLDC_Project\BSW\MCAL\Startup" -L"D:\Project\all_Project\BLDC\SVN\trunk\BLDC_Project\BSW\MCAL\_gcc_lib" -Xlinker --print-memory-usage -Wl,-Map,"BLDC_Project_PDM_BLDC.map" --specs=nosys.specs -Xlinker --print-memory-usage -o "BLDC_Project_PDM_BLDC.elf"  ./RTE/AllTask.o ./RTE/rte.o  ./BSW/XCP/XcpBasic.o ./BSW/XCP/_xcp_appl.o ./BSW/XCP/xcp_par.o  ./BSW/Pdu/Source/Pdu.o ./BSW/Pdu/Source/Pdu_cfg.o  ./BSW/OS/SysView/Sample/FreeRTOSV10.4/Config/Cortex-M/SEGGER_SYSVIEW_Config_FreeRTOS.o  ./BSW/OS/SysView/Sample/FreeRTOSV10.4/SEGGER_SYSVIEW_FreeRTOS.o  ./BSW/OS/SysView/SEGGER/Syscalls/SEGGER_RTT_Syscalls_GCC.o ./BSW/OS/SysView/SEGGER/Syscalls/SEGGER_RTT_Syscalls_IAR.o ./BSW/OS/SysView/SEGGER/Syscalls/SEGGER_RTT_Syscalls_KEIL.o ./BSW/OS/SysView/SEGGER/Syscalls/SEGGER_RTT_Syscalls_SES.o  ./BSW/OS/SysView/SEGGER/SEGGER_RTT.o ./BSW/OS/SysView/SEGGER/SEGGER_RTT_ASM_ARMv7M.o ./BSW/OS/SysView/SEGGER/SEGGER_RTT_printf.o ./BSW/OS/SysView/SEGGER/SEGGER_SYSVIEW.o  ./BSW/OS/FreeRTOS/Sources/portable/MemMang/heap_4.o  ./BSW/OS/FreeRTOS/Sources/portable/GCC/ARM_CM4F/port.o  ./BSW/OS/FreeRTOS/Sources/croutine.o ./BSW/OS/FreeRTOS/Sources/event_groups.o ./BSW/OS/FreeRTOS/Sources/list.o ./BSW/OS/FreeRTOS/Sources/queue.o ./BSW/OS/FreeRTOS/Sources/stream_buffer.o ./BSW/OS/FreeRTOS/Sources/tasks.o ./BSW/OS/FreeRTOS/Sources/timers.o  ./BSW/NvM/Source/NvM.o ./BSW/NvM/Source/NvM_Cfg.o  ./BSW/MCAL/Startup/startup_FC4150.o ./BSW/MCAL/Startup/system_init.o  ./BSW/MCAL/Driver/Source/module_driver_adc.o ./BSW/MCAL/Driver/Source/module_driver_afcb.o ./BSW/MCAL/Driver/Source/module_driver_aontimer.o ./BSW/MCAL/Driver/Source/module_driver_cache.o ./BSW/MCAL/Driver/Source/module_driver_cmp.o ./BSW/MCAL/Driver/Source/module_driver_cmu.o ./BSW/MCAL/Driver/Source/module_driver_cordic.o ./BSW/MCAL/Driver/Source/module_driver_crc.o ./BSW/MCAL/Driver/Source/module_driver_dma.o ./BSW/MCAL/Driver/Source/module_driver_eim.o ./BSW/MCAL/Driver/Source/module_driver_enet.o ./BSW/MCAL/Driver/Source/module_driver_erm.o ./BSW/MCAL/Driver/Source/module_driver_farc.o ./BSW/MCAL/Driver/Source/module_driver_fciic.o ./BSW/MCAL/Driver/Source/module_driver_fcpit.o ./BSW/MCAL/Driver/Source/module_driver_fcspi.o ./BSW/MCAL/Driver/Source/module_driver_fcuart.o ./BSW/MCAL/Driver/Source/module_driver_flash.o ./BSW/MCAL/Driver/Source/module_driver_flexcan.o ./BSW/MCAL/Driver/Source/module_driver_freqm.o ./BSW/MCAL/Driver/Source/module_driver_ftu.o ./BSW/MCAL/Driver/Source/module_driver_fwm.o ./BSW/MCAL/Driver/Source/module_driver_gpio.o ./BSW/MCAL/Driver/Source/module_driver_i2s.o ./BSW/MCAL/Driver/Source/module_driver_intm.o ./BSW/MCAL/Driver/Source/module_driver_ism.o ./BSW/MCAL/Driver/Source/module_driver_lin.o ./BSW/MCAL/Driver/Source/module_driver_lu.o ./BSW/MCAL/Driver/Source/module_driver_map.o ./BSW/MCAL/Driver/Source/module_driver_mcm.o ./BSW/MCAL/Driver/Source/module_driver_mpu.o ./BSW/MCAL/Driver/Source/module_driver_ospi.o ./BSW/MCAL/Driver/Source/module_driver_pcc.o ./BSW/MCAL/Driver/Source/module_driver_pmc.o ./BSW/MCAL/Driver/Source/module_driver_port.o ./BSW/MCAL/Driver/Source/module_driver_ptimer.o ./BSW/MC
[...]
      |         Motor_Svpwm
../BSW/CDD/MotorDriver/motor_lib/motor_svpwm.c:178:6: warning: no previous declaration for 'Motor_Svpwm1' [-Wmissing-declarations]
  178 | void Motor_Svpwm1(MotorAlphabetaVoltage *alpha_beta_voltage, MotorSvpwm *svpwm)
      |      ^~~~~~~~~~~~
../BSW/CDD/MotorDriver/motor_lib/motor_svpwm.c: In function 'Motor_Svpwm1':
../BSW/CDD/MotorDriver/motor_lib/motor_svpwm.c:195:11: warning: unused variable 'pwm_c' [-Wunused-variable]
  195 |     float pwm_c;
      |           ^~~~~
../BSW/CDD/MotorDriver/motor_lib/motor_svpwm.c:194:11: warning: unused variable 'pwm_b' [-Wunused-variable]
  194 |     float pwm_b;
      |           ^~~~~
../BSW/CDD/MotorDriver/motor_lib/motor_svpwm.c:193:11: warning: unused variable 'pwm_a' [-Wunused-variable]
  193 |     float pwm_a;
      |           ^~~~~
../BSW/CDD/MotorDriver/motor_lib/motor_svpwm.c: At top level:
../BSW/CDD/MotorDriver/motor_lib/motor_svpwm.c:219:6: warning: no previous declaration for 'Motor_Svpwm2' [-Wmissing-declarations]
  219 | void Motor_Svpwm2(MotorAlphabetaVoltage *alpha_beta_voltage, MotorSvpwm *svpwm)
      |      ^~~~~~~~~~~~
Finished building: ../BSW/CDD/MotorDriver/motor_lib/motor_foc.c
Finished building: ../BSW/CDD/MotorDriver/motor_lib/motor_svpwm.c
 
 
Building target: BLDC_Project_PDM_BLDC.elf
Invoking: GNU Arm Cross C++ Linker
arm-none-eabi-g++ -mcpu=cortex-m4 -mthumb -mfloat-abi=hard -mfpu=fpv4-sp-d16 -O1 -fmessage-length=0 -fsigned-char -ffunction-sections -fdata-sections -ffreestanding -fno-move-loop-invariants -Wunused -Wuninitialized -Wall -Wextra -Wmissing-declarations -Wconversion -Wpointer-arith -Wshadow -Wlogical-op -Wfloat-equal  -g3 -T "D:\Project\all_Project\BLDC\SVN\trunk\BLDC_Project\BSW\MCAL\Startup\FC4150_1M_B_flash.ld" -nostartfiles -Xlinker --gc-sections -L"D:\Project\all_Project\BLDC\SVN\trunk\BLDC_Project\BSW\MCAL\Startup" -L"D:\Project\all_Project\BLDC\SVN\trunk\BLDC_Project\BSW\MCAL\_gcc_lib" -Xlinker --print-memory-usage -Wl,-Map,"BLDC_Project_PDM_BLDC.map" --specs=nosys.specs -Xlinker --print-memory-usage -o "BLDC_Project_PDM_BLDC.elf"  ./RTE/AllTask.o ./RTE/rte.o  ./BSW/XCP/XcpBasic.o ./BSW/XCP/_xcp_appl.o ./BSW/XCP/xcp_par.o  ./BSW/Pdu/Source/Pdu.o ./BSW/Pdu/Source/Pdu_cfg.o  ./BSW/OS/SysView/Sample/FreeRTOSV10.4/Config/Cortex-M/SEGGER_SYSVIEW_Config_FreeRTOS.o  ./BSW/OS/SysView/Sample/FreeRTOSV10.4/SEGGER_SYSVIEW_FreeRTOS.o  ./BSW/OS/SysView/SEGGER/Syscalls/SEGGER_RTT_Syscalls_GCC.o ./BSW/OS/SysView/SEGGER/Syscalls/SEGGER_RTT_Syscalls_IAR.o ./BSW/OS/SysView/SEGGER/Syscalls/SEGGER_RTT_Syscalls_KEIL.o ./BSW/OS/SysView/SEGGER/Syscalls/SEGGER_RTT_Syscalls_SES.o  ./BSW/OS/SysView/SEGGER/SEGGER_RTT.o ./BSW/OS/SysView/SEGGER/SEGGER_RTT_ASM_ARMv7M.o ./BSW/OS/SysView/SEGGER/SEGGER_RTT_printf.o ./BSW/OS/SysView/SEGGER/SEGGER_SYSVIEW.o  ./BSW/OS/FreeRTOS/Sources/portable/MemMang/heap_4.o  ./BSW/OS/FreeRTOS/Sources/portable/GCC/ARM_CM4F/port.o  ./BSW/OS/FreeRTOS/Sources/croutine.o ./BSW/OS/FreeRTOS/Sources/event_groups.o ./BSW/OS/FreeRTOS/Sources/list.o ./BSW/OS/FreeRTOS/Sources/queue.o ./BSW/OS/FreeRTOS/Sources/stream_buffer.o ./BSW/OS/FreeRTOS/Sources/tasks.o ./BSW/OS/FreeRTOS/Sources/timers.o  ./BSW/NvM/Source/NvM.o ./BSW/NvM/Source/NvM_Cfg.o  ./BSW/MCAL/Startup/startup_FC4150.o ./BSW/MCAL/Startup/system_init.o  ./BSW/MCAL/Driver/Source/module_driver_adc.o ./BSW/MCAL/Driver/Source/module_driver_afcb.o ./BSW/MCAL/Driver/Source/module_driver_aontimer.o ./BSW/MCAL/Driver/Source/module_driver_cache.o ./BSW/MCAL/Driver/Source/module_driver_cmp.o ./BSW/MCAL/Driver/Source/module_driver_cmu.o ./BSW/MCAL/Driver/Source/module_driver_cordic.o ./BSW/MCAL/Driver/Source/module_driver_crc.o ./BSW/MCAL/Driver/Source/module_driver_dma.o ./BSW/MCAL/Driver/Source/module_driver_eim.o ./BSW/MCAL/Driver/Source/module_driver_enet.o ./BSW/MCAL/Driver/Source/module_driver_erm.o ./BSW/MCAL/Driver/Source/module_driver_farc.o ./BSW/MCAL/Driver/Source/module_driver_fciic.o ./BSW/MCAL/Driver/Source/module_driver_fcpit.o ./BSW/MCAL/Driver/Source/module_driver_fcspi.o ./BSW/MCAL/Driver/Source/module_driver_fcuart.o ./BSW/MCAL/Driver/Source/module_driver_flash.o ./BSW/MCAL/Driver/Source/module_driver_flexcan.o ./BSW/MCAL/Driver/Source/module_driver_freqm.o ./BSW/MCAL/Driver/Source/module_driver_ftu.o ./BSW/MCAL/Driver/Source/module_driver_fwm.o ./BSW/MCAL/Driver/Source/module_driver_gpio.o ./BSW/MCAL/Driver/Source/module_driver_i2s.o ./BSW/MCAL/Driver/Source/module_driver_intm.o ./BSW/MCAL/Driver/Source/module_driver_ism.o ./BSW/MCAL/Driver/Source/module_driver_lin.o ./BSW/MCAL/Driver/Source/module_driver_lu.o ./BSW/MCAL/Driver/Source/module_driver_map.o ./BSW/MCAL/Driver/Source/module_driver_mcm.o ./BSW/MCAL/Driver/Source/module_driver_mpu.o ./BSW/MCAL/Driver/Source/module_driver_ospi.o ./BSW/MCAL/Driver/Source/module_driver_pcc.o ./BSW/MCAL/Driver/Source/module_driver_pmc.o ./BSW/MCAL/Driver/Source/module_driver_port.o ./BSW/MCAL/Driver/Source/module_driver_ptimer.o ./BSW/MCAL/Driver/Source/module_driver_rcm.o ./BSW/MCAL/Driver/Source/module_driver_rtc.o ./BSW/MCAL/Driver/Source/module_driver_scg.o ./BSW/MCAL/Driver/Source/module_driver_scst.o ./BSW/MCAL/Driver/Source/module_driver_sec.o ./BSW/MCAL/Driver/Source/module_driver_smc.o ./BSW/MCAL/Driver/Source/module_driver_smisc.o ./BSW/MCAL/Driver/Source/module_driver_systick.o ./BSW/MCAL/Driver/Source/module_driver_trgsel.o ./BSW/MCAL/Driver/Source/module_driver_tstmp.o ./BSW/MCAL/Driver/Source/module_driver_wdog.o ./BSW/MCAL/Driver/Source/module_driver_wku.o  ./BSW/MCAL/Device/FC/fclib/fcfunc.o ./BSW/MCAL/Device/FC/fclib/fcmath.o  ./BSW/MCAL/Device/Arm/CMSIS5_590/DSP/cmsis_dsp.o  ./BSW/MCAL/BSP/Src/BspAdc.o ./BSW/MCAL/BSP/Src/BspAontimer.o ./BSW/MCAL/BSP/Src/BspCan.o ./BSW/MCAL/BSP/Src/BspClock.o ./BSW/MCAL/BSP/Src/BspDma.o ./BSW/MCAL/BSP/Src/BspFlash.o ./BSW/MCAL/BSP/Src/BspFtuCounter.o ./BSW/MCAL/BSP/Src/BspFtuHallCounter.o ./BSW/MCAL/BSP/Src/BspFtuIcu.o ./BSW/MCAL/BSP/Src/BspFtuPwm.o ./BSW/MCAL/BSP/Src/BspGpio.o ./BSW/MCAL/BSP/Src/BspIic.o ./BSW/MCAL/BSP/Src/BspInterrupt.o ./BSW/MCAL/BSP/Src/BspPtimer.o ./BSW/MCAL/BSP/Src/BspRtc.o ./BSW/MCAL/BSP/Src/BspSmc.o ./BSW/MCAL/BSP/Src/BspSpi.o ./BSW/MCAL/BSP/Src/BspWdg.o  ./BSW/ECAL/IoHwAb/Src/IoHwAb_Adc.o ./BSW/ECAL/IoHwAb/Src/IoHwAb_Counter.o ./BSW/ECAL/IoHwAb/Src/IoHwAb_Dio.o ./BSW/ECAL/IoHwAb/Src/IoHwAb_HallCounter.o ./BSW/ECAL/IoHwAb/Src/IoHwAb_Pwm.o  ./BSW/CompatibleInfo/CompatibleInfo.o  ./BSW/Com/Source/Com.o ./BSW/Com/Source/Com_cfg.o ./BSW/Com/Source/E2E.o  ./BSW/Can_Hw/Src/Can_Hw.o  ./BSW/CDD/SBC/Src/SBC.o ./BSW/CDD/SBC/Src/SBC_Cfg.o ./BSW/CDD/SBC/Src/SBC_Diag.o ./BSW/CDD/SBC/Src/SBC_Driver.o  ./BSW/CDD/MotorDriver/motor_lib/motor_adc.o ./BSW/CDD/MotorDriver/motor_lib/motor_api.o ./BSW/CDD/MotorDriver/motor_lib/motor_app.o ./BSW/CDD/MotorDriver/motor_lib/motor_arm_math.o ./BSW/CDD/MotorDriver/motor_lib/motor_current.o ./BSW/CDD/MotorDriver/motor_lib/motor_encoder.o ./BSW/CDD/MotorDriver/motor_lib/motor_estimator.o ./BSW/CDD/MotorDriver/motor_lib/motor_foc.o ./BSW/CDD/MotorDriver/motor_lib/motor_hall.o ./BSW/CDD/MotorDriver/motor_lib/motor_misc.o ./BSW/CDD/MotorDriver/motor_lib/motor_pid.o ./BSW/CDD/MotorDriver/motor_lib/motor_protect.o ./BSW/CDD/MotorDriver/motor_lib/motor_svpwm.o  ./BSW/CDD/MotorDriver/MPQ6533/Src/MotorControl.o ./BSW/CDD/MotorDriver/MPQ6533/Src/MotorDriver_Cfg.o ./BSW/CDD/MotorDriver/MPQ6533/Src/MotorDriver_Driver.o  ./BSW/CDD/MEMS/Src/IMU.o ./BSW/CDD/MEMS/Src/IMU_Cfg.o ./BSW/CDD/MEMS/Src/IMU_Diag.o ./BSW/CDD/MEMS/Src/IMU_Driver.o  ./BSW/AlgorithmLib/Math_Control_Lib.o  ./ASW/APP.o ./ASW/Spindle_Control.o ./ASW/main.o   -lHsmApi_1MB_Soft_fpu_gcc
Memory region         Used Size  Region Size  %age Used
           FLASH:       65800 B       704 KB      9.13%
           RAM_L:          6 KB        32 KB     18.75%
           RAM_U:       67612 B        96 KB     68.78%
Finished building target: BLDC_Project_PDM_BLDC.elf
 
Invoking: GNU Arm Cross Create Flash Image
arm-none-eabi-objcopy -O ihex "BLDC_Project_PDM_BLDC.elf"  "BLDC_Project_PDM_BLDC.hex"
Invoking: GNU Arm Cross Print Size
arm-none-eabi-size --format=berkeley "BLDC_Project_PDM_BLDC.elf"
   text	   data	    bss	    dec	    hex	filename
  65800	   3264	  70492	 139556	  22124	BLDC_Project_PDM_BLDC.elf
Finished building: BLDC_Project_PDM_BLDC.siz
Finished building: BLDC_Project_PDM_BLDC.hex
 
 
18:06:30 **** Incremental Build of configuration GEELY_FC4150F1M_BLDC for project BLDC_Project ****
"D:\\Project\\all_IDE\\Flagchip_FC_IDE_4.2.1\\Flagchip_FC_IDE_4.2.1\\cmd\\make" -j16 all 
Invoking: GNU Arm Cross Print Size
arm-none-eabi-size --format=berkeley "BLDC_Project_PDM_BLDC.elf"
   text	   data	    bss	    dec	    hex	filename
  65800	   3264	  70492	 139556	  22124	BLDC_Project_PDM_BLDC.elf
Finished building: BLDC_Project_PDM_BLDC.siz
 
18:06:39 **** Incremental Build of configuration GEELY_FC4150F1M_BLDC for project BLDC_Project ****
"D:\\Project\\all_IDE\\Flagchip_FC_IDE_4.2.1\\Flagchip_FC_IDE_4.2.1\\cmd\\make" -j16 all 
Invoking: GNU Arm Cross Print Size
arm-none-eabi-size --format=berkeley "BLDC_Project_PDM_BLDC.elf"
   text	   data	    bss	    dec	    hex	filename
  65800	   3264	  70492	 139556	  22124	BLDC_Project_PDM_BLDC.elf
Finished building: BLDC_Project_PDM_BLDC.siz
 
18:07:17 **** Incremental Build of configuration GEELY_FC4150F1M_BLDC for project BLDC_Project ****
"D:\\Project\\all_IDE\\Flagchip_FC_IDE_4.2.1\\Flagchip_FC_IDE_4.2.1\\cmd\\make" -j16 all 
Invoking: GNU Arm Cross Print Size
arm-none-eabi-size --format=berkeley "BLDC_Project_PDM_BLDC.elf"
   text	   data	    bss	    dec	    hex	filename
  65800	   3264	  70492	 139556	  22124	BLDC_Project_PDM_BLDC.elf
Finished building: BLDC_Project_PDM_BLDC.siz
 
18:08:51 **** Incremental Build of configuration GEELY_FC4150F1M_BLDC for project BLDC_Project ****
"D:\\Project\\all_IDE\\Flagchip_FC_IDE_4.2.1\\Flagchip_FC_IDE_4.2.1\\cmd\\make" -j16 all 
Building file: ../BSW/CDD/MotorDriver/motor_lib/motor_foc.c
Invoking: GNU Arm Cross C Compiler
arm-none-eabi-gcc -mcpu=cortex-m4 -mthumb -mfloat-abi=hard -mfpu=fpv4-sp-d16 -O1 -fmessage-length=0 -fsigned-char -ffunction-sections -fdata-sections -ffreestanding -fno-move-loop-invariants -Wunused -Wuninitialized -Wall -Wextra -Wmissing-declarations -Wconversion -Wpointer-arith -Wshadow -Wlogical-op -Wfloat-equal  -g3 -DDEBUG -DECU_ADDRESS_PDM_FL -DTRACE -DSTART_FROM_FLASH -DMCU_FC4150_512K=1 -DMCU_FC4150_2M=2 -DMCU_FC4150_1M_A=3 -DMCU_FC4150_1M_B=4 -DMCU_FC4150_1M_S=5 -DDEVICE_TYPE=MCU_FC4150_1M_B -DECU_ADDRESS_BLDC -DIMU_SPI_COMM -I"D:\Project\all_Project\BLDC\SVN\trunk\BLDC_Project\BSW\CDD\MEMS\Inc" -I"D:\Project\all_Project\BLDC\SVN\trunk\BLDC_Project\ASW" -I"D:\Project\all_Project\BLDC\SVN\trunk\BLDC_Project\BSW\NvM\Include" -I"D:\Project\all_Project\BLDC\SVN\trunk\BLDC_Project\BSW\CompatibleInfo" -I"D:\Project\all_Project\BLDC\SVN\trunk\BLDC_Project\BSW\MCAL\Device" -I"D:\Project\all_Project\BLDC\SVN\trunk\BLDC_Project\BSW\MCAL\Device\Arm\CMSIS5_590\Core\Include" -I"D:\Project\all_Project\BLDC\SVN\trunk\BLDC_Project\BSW\MCAL\Device\Arm\CMSIS5_590\DSP\Include" -I"D:\Project\all_Project\BLDC\SVN\trunk\BLDC_Project\BSW\MCAL\Device\Arm\CMSIS5_590\DSP\PrivateInclude" -I"D:\Project\all_Project\BLDC\SVN\trunk\BLDC_Project\BSW\MCAL\Driver\Include" -I"D:\Project\all_Project\BLDC\SVN\trunk\BLDC_Project\BSW\MCAL\HwA\Include" -I"D:\Project\all_Project\BLDC\SVN\trunk\BLDC_Project\BSW\MCAL\Startup" -I"D:\Project\all_Project\BLDC\SVN\trunk\BLDC_Project\BSW\MCAL\BSP\Inc" -I"D:\Project\all_Project\BLDC\SVN\trunk\BLDC_Project\BSW\CDD\SBC\Inc" -I"D:\Project\all_Project\BLDC\SVN\trunk\BLDC_Project\BSW\ECAL\IoHwAb\Inc" -I"D:\Project\all_Project\BLDC\SVN\trunk\BLDC_Project\BSW\OS\FreeRTOS\Include" -I"D:\Project\all_Project\BLDC\SVN\trunk\BLDC_Project\BSW\OS\FreeRTOS\Sources\portable\GCC\ARM_CM4F" -I"D:\Project\all_Project\BLDC\SVN\trunk\BLDC_Project\BSW\AlgorithmLib" -I"D:\Project\all_Project\BLDC\SVN\trunk\BLDC_Project\BSW\Com\Include" -I"D:\Project\all_Project\BLDC\SVN\trunk\BLDC_Project\RTE" -I"D:\Project\all_Project\BLDC\SVN\trunk\BLDC_Project\BSW\Pdu\Include" -I"D:\Project\all_Project\BLDC\SVN\trunk\BLDC_Project\BSW\XCP" -I"D:\Project\all_Project\BLDC\SVN\trunk\BLDC_Project\BSW\Can_Hw\Inc" -I"D:\Project\all_Project\BLDC\SVN\trunk\BLDC_Project\BSW\MCAL\Device\Arm\cm4" -I"D:\Project\all_Project\BLDC\SVN\trunk\BLDC_Project\BSW\OS\SysView\Config" -I"D:\Project\all_Project\BLDC\SVN\trunk\BLDC_Project\BSW\OS\SysView\Sample\FreeRTOSV10.4" -I"D:\Project\all_Project\BLDC\SVN\trunk\BLDC_Project\BSW\OS\SysView\SEGGER" -I"D:\Project\all_Project\BLDC\SVN\trunk\BLDC_Project\BSW\CDD\MotorDriver\MPQ6533\Inc" -I"D:\Project\all_Project\BLDC\SVN\trunk\BLDC_Project\BSW\CDD\MotorDriver\motor_lib" -std=gnu11 -MMD -MP -MF"BSW/CDD/MotorDriver/motor_lib/motor_foc.d" -MT"BSW/CDD/MotorDriver/motor_lib/motor_foc.o" -c -o "BSW/CDD/MotorDriver/motor_lib/motor_foc.o" "../BSW/CDD/MotorDriver/motor_lib/motor_foc.c"
Finished building: ../BSW/CDD/MotorDriver/motor_lib/motor_foc.c
 
Building target: BLDC_Project_PDM_BLDC.elf
Invoking: GNU Arm Cross C++ Linker
arm-none-eabi-g++ -mcpu=cortex-m4 -mthumb -mfloat-abi=hard -mfpu=fpv4-sp-d16 -O1 -fmessage-length=0 -fsigned-char -ffunction-sections -fdata-sections -ffreestanding -fno-move-loop-invariants -Wunused -Wuninitialized -Wall -Wextra -Wmissing-declarations -Wconversion -Wpointer-arith -Wshadow -Wlogical-op -Wfloat-equal  -g3 -T "D:\Project\all_Project\BLDC\SVN\trunk\BLDC_Project\BSW\MCAL\Startup\FC4150_1M_B_flash.ld" -nostartfiles -Xlinker --gc-sections -L"D:\Project\all_Project\BLDC\SVN\trunk\BLDC_Project\BSW\MCAL\Startup" -L"D:\Project\all_Project\BLDC\SVN\trunk\BLDC_Project\BSW\MCAL\_gcc_lib" -Xlinker --print-memory-usage -Wl,-Map,"BLDC_Project_PDM_BLDC.map" --specs=nosys.specs -Xlinker --print-memory-usage -o "BLDC_Project_PDM_BLDC.elf"  ./RTE/AllTask.o ./RTE/rte.o  ./BSW/XCP/XcpBasic.o ./BSW/XCP/_xcp_appl.o ./BSW/XCP/xcp_par.o  ./BSW/Pdu/Source/Pdu.o ./BSW/Pdu/Source/Pdu_cfg.o  ./BSW/OS/SysView/Sample/FreeRTOSV10.4/Config/Cortex-M/SEGGER_SYSVIEW_Config_FreeRTOS.o  ./BSW/OS/SysView/Sample/FreeRTOSV10.4/SEGGER_SYSVIEW_FreeRTOS.o  ./BSW/OS/SysView/SEGGER/Syscalls/SEGGER_RTT_Syscalls_GCC.o ./BSW/OS/SysView/SEGGER/Syscalls/SEGGER_RTT_Syscalls_IAR.o ./BSW/OS/SysView/SEGGER/Syscalls/SEGGER_RTT_Syscalls_KEIL.o ./BSW/OS/SysView/SEGGER/Syscalls/SEGGER_RTT_Syscalls_SES.o  ./BSW/OS/SysView/SEGGER/SEGGER_RTT.o ./BSW/OS/SysView/SEGGER/SEGGER_RTT_ASM_ARMv7M.o ./BSW/OS/SysView/SEGGER/SEGGER_RTT_printf.o ./BSW/OS/SysView/SEGGER/SEGGER_SYSVIEW.o  ./BSW/OS/FreeRTOS/Sources/portable/MemMang/heap_4.o  ./BSW/OS/FreeRTOS/Sources/portable/GCC/ARM_CM4F/port.o  ./BSW/OS/FreeRTOS/Sources/croutine.o ./BSW/OS/FreeRTOS/Sources/event_groups.o ./BSW/OS/FreeRTOS/Sources/list.o ./BSW/OS/FreeRTOS/Sources/queue.o ./BSW/OS/FreeRTOS/Sources/stream_buffer.o ./BSW/OS/FreeRTOS/Sources/tasks.o ./BSW/OS/FreeRTOS/Sources/timers.o  ./BSW/NvM/Source/NvM.o ./BSW/NvM/Source/NvM_Cfg.o  ./BSW/MCAL/Startup/startup_FC4150.o ./BSW/MCAL/Startup/system_init.o  ./BSW/MCAL/Driver/Source/module_driver_adc.o ./BSW/MCAL/Driver/Source/module_driver_afcb.o ./BSW/MCAL/Driver/Source/module_driver_aontimer.o ./BSW/MCAL/Driver/Source/module_driver_cache.o ./BSW/MCAL/Driver/Source/module_driver_cmp.o ./BSW/MCAL/Driver/Source/module_driver_cmu.o ./BSW/MCAL/Driver/Source/module_driver_cordic.o ./BSW/MCAL/Driver/Source/module_driver_crc.o ./BSW/MCAL/Driver/Source/module_driver_dma.o ./BSW/MCAL/Driver/Source/module_driver_eim.o ./BSW/MCAL/Driver/Source/module_driver_enet.o ./BSW/MCAL/Driver/Source/module_driver_erm.o ./BSW/MCAL/Driver/Source/module_driver_farc.o ./BSW/MCAL/Driver/Source/module_driver_fciic.o ./BSW/MCAL/Driver/Source/module_driver_fcpit.o ./BSW/MCAL/Driver/Source/module_driver_fcspi.o ./BSW/MCAL/Driver/Source/module_driver_fcuart.o ./BSW/MCAL/Driver/Source/module_driver_flash.o ./BSW/MCAL/Driver/Source/module_driver_flexcan.o ./BSW/MCAL/Driver/Source/module_driver_freqm.o ./BSW/MCAL/Driver/Source/module_driver_ftu.o ./BSW/MCAL/Driver/Source/module_driver_fwm.o ./BSW/MCAL/Driver/Source/module_driver_gpio.o ./BSW/MCAL/Driver/Source/module_driver_i2s.o ./BSW/MCAL/Driver/Source/module_driver_intm.o ./BSW/MCAL/Driver/Source/module_driver_ism.o ./BSW/MCAL/Driver/Source/module_driver_lin.o ./BSW/MCAL/Driver/Source/module_driver_lu.o ./BSW/MCAL/Driver/Source/module_driver_map.o ./BSW/MCAL/Driver/Source/module_driver_mcm.o ./BSW/MCAL/Driver/Source/module_driver_mpu.o ./BSW/MCAL/Driver/Source/module_driver_ospi.o ./BSW/MCAL/Driver/Source/module_driver_pcc.o ./BSW/MCAL/Driver/Source/module_driver_pmc.o ./BSW/MCAL/Driver/Source/module_driver_port.o ./BSW/MCAL/Driver/Source/module_driver_ptimer.o ./BSW/MCAL/Driver/Source/module_driver_rcm.o ./BSW/MCAL/Driver/Source/module_driver_rtc.o ./BSW/MCAL/Driver/Source/module_driver_scg.o ./BSW/MCAL/Driver/Source/module_driver_scst.o ./BSW/MCAL/Driver/Source/module_driver_sec.o ./BSW/MCAL/Driver/Source/module_driver_smc.o ./BSW/MCAL/Driver/Source/module_driver_smisc.o ./BSW/MCAL/Driver/Source/module_driver_systick.o ./BSW/MCAL/Driver/Source/module_driver_trgsel.o ./BSW/MCAL/Driver/Source/module_driver_tstmp.o ./BSW/MCAL/Driver/Source/module_driver_wdog.o ./BSW/MCAL/Driver/Source/module_driver_wku.o  ./BSW/MCAL/Device/FC/fclib/fcfunc.o ./BSW/MCAL/Device/FC/fclib/fcmath.o  ./BSW/MCAL/Device/Arm/CMSIS5_590/DSP/cmsis_dsp.o  ./BSW/MCAL/BSP/Src/BspAdc.o ./BSW/MCAL/BSP/Src/BspAontimer.o ./BSW/MCAL/BSP/Src/BspCan.o ./BSW/MCAL/BSP/Src/BspClock.o ./BSW/MCAL/BSP/Src/BspDma.o ./BSW/MCAL/BSP/Src/BspFlash.o ./BSW/MCAL/BSP/Src/BspFtuCounter.o ./BSW/MCAL/BSP/Src/BspFtuHallCounter.o ./BSW/MCAL/BSP/Src/BspFtuIcu.o ./BSW/MCAL/BSP/Src/BspFtuPwm.o ./BSW/MCAL/BSP/Src/BspGpio.o ./BSW/MCAL/BSP/Src/BspIic.o ./BSW/MCAL/BSP/Src/BspInterrupt.o ./BSW/MCAL/BSP/Src/BspPtimer.o ./BSW/MCAL/BSP/Src/BspRtc.o ./BSW/MCAL/BSP/Src/BspSmc.o ./BSW/MCAL/BSP/Src/BspSpi.o ./BSW/MCAL/BSP/Src/BspWdg.o  ./BSW/ECAL/IoHwAb/Src/IoHwAb_Adc.o ./BSW/ECAL/IoHwAb/Src/IoHwAb_Counter.o ./BSW/ECAL/IoHwAb/Src/IoHwAb_Dio.o ./BSW/ECAL/IoHwAb/Src/IoHwAb_HallCounter.o ./BSW/ECAL/IoHwAb/Src/IoHwAb_Pwm.o  ./BSW/CompatibleInfo/CompatibleInfo.o  ./BSW/Com/Source/Com.o ./BSW/Com/Source/Com_cfg.o ./BSW/Com/Source/E2E.o  ./BSW/Can_Hw/Src/Can_Hw.o  ./BSW/CDD/SBC/Src/SBC.o ./BSW/CDD/SBC/Src/SBC_Cfg.o ./BSW/CDD/SBC/Src/SBC_Diag.o ./BSW/CDD/SBC/Src/SBC_Driver.o  ./BSW/CDD/MotorDriver/motor_lib/motor_adc.o ./BSW/CDD/MotorDriver/motor_lib/motor_api.o ./BSW/CDD/MotorDriver/motor_lib/motor_app.o ./BSW/CDD/MotorDriver/motor_lib/motor_arm_math.o ./BSW/CDD/MotorDriver/motor_lib/motor_current.o ./BSW/CDD/MotorDriver/motor_lib/motor_encoder.o ./BSW/CDD/MotorDriver/motor_lib/motor_estimator.o ./BSW/CDD/MotorDriver/motor_lib/motor_foc.o ./BSW/CDD/MotorDriver/motor_lib/motor_hall.o ./BSW/CDD/MotorDriver/motor_lib/motor_misc.o ./BSW/CDD/MotorDriver/motor_lib/motor_pid.o ./BSW/CDD/MotorDriver/motor_lib/motor_protect.o ./BSW/CDD/MotorDriver/motor_lib/motor_svpwm.o  ./BSW/CDD/MotorDriver/MPQ6533/Src/MotorControl.o ./BSW/CDD/MotorDriver/MPQ6533/Src/MotorDriver_Cfg.o ./BSW/CDD/MotorDriver/MPQ6533/Src/MotorDriver_Driver.o  ./BSW/CDD/MEMS/Src/IMU.o ./BSW/CDD/MEMS/Src/IMU_Cfg.o ./BSW/CDD/MEMS/Src/IMU_Diag.o ./BSW/CDD/MEMS/Src/IMU_Driver.o  ./BSW/AlgorithmLib/Math_Control_Lib.o  ./ASW/APP.o ./ASW/Spindle_Control.o ./ASW/main.o   -lHsmApi_1MB_Soft_fpu_gcc
Memory region         Used Size  Region Size  %age Used
           FLASH:       65924 B       704 KB      9.14%
           RAM_L:          6 KB        32 KB     18.75%
           RAM_U:       67612 B        96 KB     68.78%
Finished building target: BLDC_Project_PDM_BLDC.elf
 
Invoking: GNU Arm Cross Create Flash Image
arm-none-eabi-objcopy -O ihex "BLDC_Project_PDM_BLDC.elf"  "BLDC_Project_PDM_BLDC.hex"
Invoking: GNU Arm Cross Print Size
arm-none-eabi-size --format=berkeley "BLDC_Project_PDM_BLDC.elf"
   text	   data	    bss	    dec	    hex	filename
  65924	   3264	  70492	 139680	  221a0	BLDC_Project_PDM_BLDC.elf
Finished building: BLDC_Project_PDM_BLDC.siz
Finished building: BLDC_Project_PDM_BLDC.hex
 
 
